#
# There is insufficient memory for the Java Runtime Environment to continue.
# Native memory allocation (malloc) failed to allocate 1048576 bytes. Error detail: AllocateHeap
# Possible reasons:
#   The system is out of physical RAM or swap space
#   This process is running with CompressedOops enabled, and the Java Heap may be blocking the growth of the native heap
# Possible solutions:
#   Reduce memory load on the system
#   Increase physical memory or swap space
#   Check if swap backing store is full
#   Decrease Java heap size (-Xmx/-Xms)
#   Decrease number of Java threads
#   Decrease Java thread stack sizes (-Xss)
#   Set larger code cache with -XX:ReservedCodeCacheSize=
#   JVM is running with Unscaled Compressed Oops mode in which the Java heap is
#     placed in the first 4GB address space. The Java Heap base address is the
#     maximum limit for the native heap growth. Please use -XX:HeapBaseMinAddress
#     to set the Java Heap base and to place the Java Heap above 4GB virtual address.
# This output file may be truncated or incomplete.
#
#  Out of Memory Error (allocation.cpp:44), pid=27528, tid=17280
#
# JRE version: OpenJDK Runtime Environment Temurin-21.0.10+7 (21.0.10+7) (build 21.0.10+7-LTS)
# Java VM: OpenJDK 64-Bit Server VM Temurin-21.0.10+7 (21.0.10+7-LTS, mixed mode, sharing, tiered, compressed oops, compressed class ptrs, parallel gc, windows-amd64)
# No core dump will be written. Minidumps are not enabled by default on client versions of Windows
#

---------------  S U M M A R Y ------------

Command Line: --add-modules=ALL-SYSTEM --add-opens=java.base/java.util=ALL-UNNAMED --add-opens=java.base/java.lang=ALL-UNNAMED --add-opens=java.base/sun.nio.fs=ALL-UNNAMED -Declipse.application=org.eclipse.jdt.ls.core.id1 -Dosgi.bundles.defaultStartLevel=4 -Declipse.product=org.eclipse.jdt.ls.core.product -Djava.import.generatesMetadataFilesAtProjectRoot=false -DDetectVMInstallationsJob.disabled=true -Dfile.encoding=utf8 -XX:+UseParallelGC -XX:GCTimeRatio=4 -XX:AdaptiveSizePolicyWeight=90 -Dsun.zip.disableMemoryMapping=true -Xmx2G -Xms100m -Xlog:disable -javaagent:c:\Users\Taxes\.vscode\extensions\redhat.java-1.54.0-win32-x64\lombok\lombok-1.18.39-4050.jar -XX:+HeapDumpOnOutOfMemoryError -XX:HeapDumpPath=c:\Users\Taxes\AppData\Roaming\Code\User\workspaceStorage\bf96b37da20d218018427563f24728c3\redhat.java -Daether.dependencyCollector.impl=bf c:\Users\Taxes\.vscode\extensions\redhat.java-1.54.0-win32-x64\server\plugins\org.eclipse.equinox.launcher_1.7.100.v20251111-0406.jar -configuration c:\Users\Taxes\AppData\Roaming\Code\User\globalStorage\redhat.java\1.54.0\config_win -data c:\Users\Taxes\AppData\Roaming\Code\User\workspaceStorage\bf96b37da20d218018427563f24728c3\redhat.java\jdt_ws --pipe=\\.\pipe\lsp-6796f96d8e4829210f52d40a085da6e6-sock

Host: AMD Ryzen 9 7940H w/ Radeon 780M Graphics     , 16 cores, 15G,  Windows 11 , 64 bit Build 22621 (10.0.22621.2428)
Time: Tue Apr 28 11:04:33 2026 elapsed time: 235.536639 seconds (0d 0h 3m 55s)

---------------  T H R E A D  ---------------

Current thread (0x00000245123b04a0):  JavaThread "Attach Listener" daemon [_thread_in_vm, id=17280, stack(0x000000ccbbc00000,0x000000ccbbd00000) (1024K)]

Stack: [0x000000ccbbc00000,0x000000ccbbd00000]
Native frames: (J=compiled Java code, j=interpreted, Vv=VM code, C=native code)
V  [jvm.dll+0x6d7a39]
V  [jvm.dll+0x8b4b26]
V  [jvm.dll+0x8b70de]
V  [jvm.dll+0x8b77c3]
V  [jvm.dll+0x284346]
V  [jvm.dll+0xc1277]
V  [jvm.dll+0x6d82e9]
V  [jvm.dll+0x1334a6]
V  [jvm.dll+0x3f857e]
V  [jvm.dll+0x85f59d]
V  [jvm.dll+0x6d626d]
C  [ucrtbase.dll+0x29363]
C  [KERNEL32.DLL+0x1257d]
C  [ntdll.dll+0x5aa78]


---------------  P R O C E S S  ---------------

Threads class SMR info:
_java_thread_list=0x0000024526907d60, length=59, elements={
0x00000244b94f1570, 0x00000245123aafa0, 0x00000245123abd20, 0x00000245123ae380,
0x00000245123b04a0, 0x00000245123b2770, 0x00000245123b6060, 0x00000245123b6a00,
0x00000244b95a8ee0, 0x00000245125fb620, 0x0000024518063da0, 0x0000024518bbfa00,
0x0000024518ca6740, 0x0000024518e03590, 0x0000024518e03c00, 0x0000024518ac5790,
0x00000245194a8610, 0x00000245192249f0, 0x000002451911f550, 0x000002451911e1a0,
0x000002451911d480, 0x000002451911e830, 0x0000024519120270, 0x000002451911fbe0,
0x000002451911cdf0, 0x00000245199b8bf0, 0x00000245199b6b20, 0x00000245199b6490,
0x00000245199b8560, 0x00000245199b71b0, 0x00000245199b9910, 0x00000245199bacc0,
0x00000245199b9280, 0x00000245199b7840, 0x00000245199b7ed0, 0x00000245199b9fa0,
0x00000245199ba630, 0x00000245199b43c0, 0x00000245199bb350, 0x00000245199b50e0,
0x00000245199bb9e0, 0x00000245199b4a50, 0x000002451b6a5860, 0x000002451b6a16c0,
0x000002451b6a6580, 0x000002451b6a3790, 0x000002451b6a1d50, 0x000002451b6a3e20,
0x000002451b6a5ef0, 0x000002451b6a7fc0, 0x000002451b6a44b0, 0x000002451b6a6c10,
0x000002451b6a23e0, 0x000002451b6a72a0, 0x000002451b6a7930, 0x000002451b6a8650,
0x000002451b0bd940, 0x000002451b0c3bb0, 0x000002451b0c2170
}

Java Threads: ( => current thread )
  0x00000244b94f1570 JavaThread "main"                              [_thread_blocked, id=15028, stack(0x000000ccbb500000,0x000000ccbb600000) (1024K)]
  0x00000245123aafa0 JavaThread "Reference Handler"          daemon [_thread_blocked, id=28204, stack(0x000000ccbb900000,0x000000ccbba00000) (1024K)]
  0x00000245123abd20 JavaThread "Finalizer"                  daemon [_thread_blocked, id=10228, stack(0x000000ccbba00000,0x000000ccbbb00000) (1024K)]
  0x00000245123ae380 JavaThread "Signal Dispatcher"          daemon [_thread_blocked, id=27976, stack(0x000000ccbbb00000,0x000000ccbbc00000) (1024K)]
=>0x00000245123b04a0 JavaThread "Attach Listener"            daemon [_thread_in_vm, id=17280, stack(0x000000ccbbc00000,0x000000ccbbd00000) (1024K)]
  0x00000245123b2770 JavaThread "Service Thread"             daemon [_thread_blocked, id=28984, stack(0x000000ccbbd00000,0x000000ccbbe00000) (1024K)]
  0x00000245123b6060 JavaThread "Monitor Deflation Thread"   daemon [_thread_blocked, id=16452, stack(0x000000ccbbe00000,0x000000ccbbf00000) (1024K)]
  0x00000245123b6a00 JavaThread "C2 CompilerThread0"         daemon [_thread_blocked, id=12796, stack(0x000000ccbbf00000,0x000000ccbc000000) (1024K)]
  0x00000244b95a8ee0 JavaThread "C1 CompilerThread0"         daemon [_thread_blocked, id=1408, stack(0x000000ccbc000000,0x000000ccbc100000) (1024K)]
  0x00000245125fb620 JavaThread "Common-Cleaner"             daemon [_thread_blocked, id=27444, stack(0x000000ccbc500000,0x000000ccbc600000) (1024K)]
  0x0000024518063da0 JavaThread "Notification Thread"        daemon [_thread_blocked, id=12380, stack(0x000000ccbc600000,0x000000ccbc700000) (1024K)]
  0x0000024518bbfa00 JavaThread "Active Thread: Equinox Container: 9e43b1b5-fb41-43ce-bc50-ba0aa76c6490"        [_thread_blocked, id=14504, stack(0x000000ccbd000000,0x000000ccbd100000) (1024K)]
  0x0000024518ca6740 JavaThread "Refresh Thread: Equinox Container: 9e43b1b5-fb41-43ce-bc50-ba0aa76c6490" daemon [_thread_blocked, id=29356, stack(0x000000ccbd200000,0x000000ccbd300000) (1024K)]
  0x0000024518e03590 JavaThread "Framework Event Dispatcher: Equinox Container: 9e43b1b5-fb41-43ce-bc50-ba0aa76c6490" daemon [_thread_blocked, id=21132, stack(0x000000ccbd300000,0x000000ccbd400000) (1024K)]
  0x0000024518e03c00 JavaThread "Start Level: Equinox Container: 9e43b1b5-fb41-43ce-bc50-ba0aa76c6490" daemon [_thread_blocked, id=7620, stack(0x000000ccbd400000,0x000000ccbd500000) (1024K)]
  0x0000024518ac5790 JavaThread "Bundle File Closer"         daemon [_thread_blocked, id=19892, stack(0x000000ccbd700000,0x000000ccbd800000) (1024K)]
  0x00000245194a8610 JavaThread "SCR Component Actor"        daemon [_thread_blocked, id=27080, stack(0x000000ccbc300000,0x000000ccbc400000) (1024K)]
  0x00000245192249f0 JavaThread "Worker-JM"                         [_thread_blocked, id=22948, stack(0x000000ccbda00000,0x000000ccbdb00000) (1024K)]
  0x000002451911f550 JavaThread "JNA Cleaner"                daemon [_thread_blocked, id=10968, stack(0x000000ccbdc00000,0x000000ccbdd00000) (1024K)]
  0x000002451911e1a0 JavaThread "Worker-0"                          [_thread_blocked, id=11832, stack(0x000000ccbdd00000,0x000000ccbde00000) (1024K)]
  0x000002451911d480 JavaThread "Java indexing"              daemon [_thread_blocked, id=27564, stack(0x000000ccbdf00000,0x000000ccbe000000) (1024K)]
  0x000002451911e830 JavaThread "Worker-2"                          [_thread_blocked, id=26652, stack(0x000000ccbe000000,0x000000ccbe100000) (1024K)]
  0x0000024519120270 JavaThread "Thread-1"                   daemon [_thread_in_native, id=29420, stack(0x000000ccbe200000,0x000000ccbe300000) (1024K)]
  0x000002451911fbe0 JavaThread "Thread-2"                   daemon [_thread_in_native, id=27860, stack(0x000000ccbe300000,0x000000ccbe400000) (1024K)]
  0x000002451911cdf0 JavaThread "Thread-3"                   daemon [_thread_in_native, id=27356, stack(0x000000ccbe400000,0x000000ccbe500000) (1024K)]
  0x00000245199b8bf0 JavaThread "Thread-4"                   daemon [_thread_in_native, id=12904, stack(0x000000ccbe500000,0x000000ccbe600000) (1024K)]
  0x00000245199b6b20 JavaThread "Thread-5"                   daemon [_thread_in_native, id=17628, stack(0x000000ccbe600000,0x000000ccbe700000) (1024K)]
  0x00000245199b6490 JavaThread "Thread-6"                   daemon [_thread_in_native, id=15016, stack(0x000000ccbe700000,0x000000ccbe800000) (1024K)]
  0x00000245199b8560 JavaThread "Thread-7"                   daemon [_thread_in_native, id=28832, stack(0x000000ccbe800000,0x000000ccbe900000) (1024K)]
  0x00000245199b71b0 JavaThread "Thread-8"                   daemon [_thread_in_native, id=21116, stack(0x000000ccbe900000,0x000000ccbea00000) (1024K)]
  0x00000245199b9910 JavaThread "Thread-9"                   daemon [_thread_in_native, id=20436, stack(0x000000ccbea00000,0x000000ccbeb00000) (1024K)]
  0x00000245199bacc0 JavaThread "Thread-10"                  daemon [_thread_in_native, id=28140, stack(0x000000ccbeb00000,0x000000ccbec00000) (1024K)]
  0x00000245199b9280 JavaThread "Thread-11"                  daemon [_thread_in_native, id=28768, stack(0x000000ccbec00000,0x000000ccbed00000) (1024K)]
  0x00000245199b7840 JavaThread "Thread-12"                  daemon [_thread_in_native, id=21012, stack(0x000000ccbed00000,0x000000ccbee00000) (1024K)]
  0x00000245199b7ed0 JavaThread "Thread-13"                  daemon [_thread_in_native, id=29264, stack(0x000000ccbee00000,0x000000ccbef00000) (1024K)]
  0x00000245199b9fa0 JavaThread "Thread-14"                  daemon [_thread_in_native, id=11788, stack(0x000000ccbef00000,0x000000ccbf000000) (1024K)]
  0x00000245199ba630 JavaThread "Thread-15"                  daemon [_thread_in_native, id=20080, stack(0x000000ccbf000000,0x000000ccbf100000) (1024K)]
  0x00000245199b43c0 JavaThread "Thread-16"                  daemon [_thread_in_native, id=27784, stack(0x000000ccbf100000,0x000000ccbf200000) (1024K)]
  0x00000245199bb350 JavaThread "Thread-17"                  daemon [_thread_in_native, id=28512, stack(0x000000ccbf200000,0x000000ccbf300000) (1024K)]
  0x00000245199b50e0 JavaThread "pool-2-thread-1"                   [_thread_blocked, id=28508, stack(0x000000ccbf300000,0x000000ccbf400000) (1024K)]
  0x00000245199bb9e0 JavaThread "Timer-0"                           [_thread_blocked, id=27604, stack(0x000000ccbf400000,0x000000ccbf500000) (1024K)]
  0x00000245199b4a50 JavaThread "Timer-1"                           [_thread_blocked, id=25908, stack(0x000000ccbf500000,0x000000ccbf600000) (1024K)]
  0x000002451b6a5860 JavaThread "WorkspaceEventsHandler"            [_thread_blocked, id=11972, stack(0x000000ccbf700000,0x000000ccbf800000) (1024K)]
  0x000002451b6a16c0 JavaThread "pool-1-thread-1"                   [_thread_blocked, id=15416, stack(0x000000ccbf800000,0x000000ccbf900000) (1024K)]
  0x000002451b6a6580 JavaThread "ForkJoinPool.commonPool-worker-1" daemon [_thread_blocked, id=27884, stack(0x000000ccbfa00000,0x000000ccbfb00000) (1024K)]
  0x000002451b6a3790 JavaThread "ForkJoinPool.commonPool-worker-2" daemon [_thread_blocked, id=20312, stack(0x000000ccbfb00000,0x000000ccbfc00000) (1024K)]
  0x000002451b6a1d50 JavaThread "ForkJoinPool.commonPool-worker-3" daemon [_thread_blocked, id=22116, stack(0x000000ccbfc00000,0x000000ccbfd00000) (1024K)]
  0x000002451b6a3e20 JavaThread "ForkJoinPool.commonPool-worker-4" daemon [_thread_blocked, id=6780, stack(0x000000ccbfd00000,0x000000ccbfe00000) (1024K)]
  0x000002451b6a5ef0 JavaThread "ForkJoinPool.commonPool-worker-6" daemon [_thread_blocked, id=28268, stack(0x000000ccbff00000,0x000000ccc0000000) (1024K)]
  0x000002451b6a7fc0 JavaThread "ForkJoinPool.commonPool-worker-7" daemon [_thread_blocked, id=26024, stack(0x000000ccc0000000,0x000000ccc0100000) (1024K)]
  0x000002451b6a44b0 JavaThread "ForkJoinPool.commonPool-worker-8" daemon [_thread_blocked, id=28772, stack(0x000000ccc0100000,0x000000ccc0200000) (1024K)]
  0x000002451b6a6c10 JavaThread "ForkJoinPool.commonPool-worker-9" daemon [_thread_blocked, id=27008, stack(0x000000ccc0200000,0x000000ccc0300000) (1024K)]
  0x000002451b6a23e0 JavaThread "ForkJoinPool.commonPool-worker-10" daemon [_thread_blocked, id=29080, stack(0x000000ccc0300000,0x000000ccc0400000) (1024K)]
  0x000002451b6a72a0 JavaThread "ForkJoinPool.commonPool-worker-13" daemon [_thread_blocked, id=12800, stack(0x000000ccc0500000,0x000000ccc0600000) (1024K)]
  0x000002451b6a7930 JavaThread "ForkJoinPool.commonPool-worker-12" daemon [_thread_blocked, id=9292, stack(0x000000ccc0600000,0x000000ccc0700000) (1024K)]
  0x000002451b6a8650 JavaThread "ForkJoinPool.commonPool-worker-14" daemon [_thread_blocked, id=15456, stack(0x000000ccc0700000,0x000000ccc0800000) (1024K)]
  0x000002451b0bd940 JavaThread "Timer-2"                           [_thread_blocked, id=26564, stack(0x000000ccbf900000,0x000000ccbfa00000) (1024K)]
  0x000002451b0c3bb0 JavaThread "Timer-3"                           [_thread_blocked, id=27980, stack(0x000000ccc0c00000,0x000000ccc0d00000) (1024K)]
  0x000002451b0c2170 JavaThread "Timer-4"                           [_thread_blocked, id=29552, stack(0x000000ccc0d00000,0x000000ccc0e00000) (1024K)]
Total: 59

Other Threads:
  0x00000244cff84370 VMThread "VM Thread"                           [id=6072, stack(0x000000ccbb800000,0x000000ccbb900000) (1024K)]
  0x00000244b955c2c0 WatcherThread "VM Periodic Task Thread"        [id=28840, stack(0x000000ccbb700000,0x000000ccbb800000) (1024K)]
  0x00000244b950faa0 WorkerThread "GC Thread#0"                     [id=18168, stack(0x000000ccbb600000,0x000000ccbb700000) (1024K)]
  0x0000024518a53be0 WorkerThread "GC Thread#1"                     [id=2992, stack(0x000000ccbc800000,0x000000ccbc900000) (1024K)]
  0x0000024518a525c0 WorkerThread "GC Thread#2"                     [id=18440, stack(0x000000ccbc900000,0x000000ccbca00000) (1024K)]
  0x0000024518a52970 WorkerThread "GC Thread#3"                     [id=4572, stack(0x000000ccbca00000,0x000000ccbcb00000) (1024K)]
  0x0000024518a52d20 WorkerThread "GC Thread#4"                     [id=19096, stack(0x000000ccbcb00000,0x000000ccbcc00000) (1024K)]
  0x0000024518a530d0 WorkerThread "GC Thread#5"                     [id=15304, stack(0x000000ccbcc00000,0x000000ccbcd00000) (1024K)]
  0x0000024518a53480 WorkerThread "GC Thread#6"                     [id=15212, stack(0x000000ccbcd00000,0x000000ccbce00000) (1024K)]
  0x0000024518a52210 WorkerThread "GC Thread#7"                     [id=23164, stack(0x000000ccbd100000,0x000000ccbd200000) (1024K)]
  0x0000024518735ea0 WorkerThread "GC Thread#8"                     [id=6560, stack(0x000000ccbcf00000,0x000000ccbd000000) (1024K)]
  0x00000245187374c0 WorkerThread "GC Thread#9"                     [id=6752, stack(0x000000ccbd500000,0x000000ccbd600000) (1024K)]
  0x0000024518735af0 WorkerThread "GC Thread#10"                    [id=6592, stack(0x000000ccbd600000,0x000000ccbd700000) (1024K)]
  0x0000024518735390 WorkerThread "GC Thread#11"                    [id=26148, stack(0x000000ccbd900000,0x000000ccbda00000) (1024K)]
  0x0000024518735740 WorkerThread "GC Thread#12"                    [id=20656, stack(0x000000ccbdb00000,0x000000ccbdc00000) (1024K)]
Total: 15

Threads with active compile tasks:
Total: 0

VM state: not at safepoint (normal execution)

VM Mutex/Monitor currently owned by a thread: None

Heap address: 0x0000000080000000, size: 2048 MB, Compressed Oops mode: 32-bit

CDS archive(s) mapped at: [0x00000244d0000000-0x00000244d0ba0000-0x00000244d0ba0000), size 12189696, SharedBaseAddress: 0x00000244d0000000, ArchiveRelocationMode: 1.
Compressed class space mapped at: 0x00000244d1000000-0x0000024511000000, reserved size: 1073741824
Narrow klass base: 0x00000244d0000000, Narrow klass shift: 0, Narrow klass range: 0x100000000

GC Precious Log:
 CardTable entry size: 512
 CPUs: 16 total, 16 available
 Memory: 15585M
 Large Page Support: Disabled
 NUMA Support: Disabled
 Compressed Oops: Enabled (32-bit)
 Alignments: Space 512K, Generation 512K, Heap 2M
 Heap Min Capacity: 100M
 Heap Initial Capacity: 100M
 Heap Max Capacity: 2G
 Pre-touch: Disabled
 Parallel Workers: 13

Heap:
 PSYoungGen      total 6656K, used 6114K [0x00000000d5580000, 0x00000000d5d00000, 0x0000000100000000)
  eden space 5632K, 96% used [0x00000000d5580000,0x00000000d5ad0810,0x00000000d5b00000)
  from space 1024K, 65% used [0x00000000d5b00000,0x00000000d5ba8000,0x00000000d5c00000)
  to   space 1024K, 0% used [0x00000000d5c00000,0x00000000d5c00000,0x00000000d5d00000)
 ParOldGen       total 130048K, used 129947K [0x0000000080000000, 0x0000000087f00000, 0x00000000d5580000)
  object space 130048K, 99% used [0x0000000080000000,0x0000000087ee6c50,0x0000000087f00000)
 Metaspace       used 72212K, committed 73792K, reserved 1114112K
  class space    used 8662K, committed 9344K, reserved 1048576K

Card table byte_map: [0x00000244b8ec0000,0x00000244b92d0000] _byte_map_base: 0x00000244b8ac0000

Marking Bits: (ParMarkBitMap*) 0x00007ffdb9b23450
 Begin Bits: [0x00000244cb9a0000, 0x00000244cd9a0000)
 End Bits:   [0x00000244cd9a0000, 0x00000244cf9a0000)

Polling page: 0x00000244b8cb0000

Metaspace:

Usage:
  Non-class:     62.06 MB used.
      Class:      8.46 MB used.
       Both:     70.52 MB used.

Virtual space:
  Non-class space:       64.00 MB reserved,      62.94 MB ( 98%) committed,  1 nodes.
      Class space:        1.00 GB reserved,       9.12 MB ( <1%) committed,  1 nodes.
             Both:        1.06 GB reserved,      72.06 MB (  7%) committed. 

Chunk freelists:
   Non-Class:  608.00 KB
       Class:  6.84 MB
        Both:  7.43 MB

MaxMetaspaceSize: unlimited
CompressedClassSpaceSize: 1.00 GB
Initial GC threshold: 21.00 MB
Current GC threshold: 97.31 MB
CDS: on
 - commit_granule_bytes: 65536.
 - commit_granule_words: 8192.
 - virtual_space_node_default_size: 8388608.
 - enlarge_chunks_in_place: 1.
 - use_allocation_guard: 0.


Internal statistics:

num_allocs_failed_limit: 11.
num_arena_births: 1434.
num_arena_deaths: 14.
num_vsnodes_births: 2.
num_vsnodes_deaths: 0.
num_space_committed: 1153.
num_space_uncommitted: 0.
num_chunks_returned_to_freelist: 25.
num_chunks_taken_from_freelist: 4987.
num_chunk_merges: 12.
num_chunk_splits: 2995.
num_chunks_enlarged: 1562.
num_inconsistent_stats: 0.

CodeHeap 'non-profiled nmethods': size=119168Kb used=8176Kb max_used=8176Kb free=110991Kb
 bounds [0x00000244c4290000, 0x00000244c4a90000, 0x00000244cb6f0000]
CodeHeap 'profiled nmethods': size=119104Kb used=25716Kb max_used=25716Kb free=93387Kb
 bounds [0x00000244bc6f0000, 0x00000244be010000, 0x00000244c3b40000]
CodeHeap 'non-nmethods': size=7488Kb used=1418Kb max_used=3183Kb free=6069Kb
 bounds [0x00000244c3b40000, 0x00000244c3e70000, 0x00000244c4290000]
CodeCache: size=245760Kb, used=35310Kb, max_used=37075Kb, free=210447Kb
 total_blobs=12761, nmethods=12043, adapters=624, full_count=0
Compilation: enabled, stopped_count=0, restarted_count=0

Compilation events (20 events):
Event: 33.828 Thread 0x00000244b95a8ee0 12900       3       java.util.TaskQueue::rescheduleMin (16 bytes)
Event: 33.828 Thread 0x000002451dcc3670 12901       3       java.util.TaskQueue::fixDown (108 bytes)
Event: 33.828 Thread 0x000002451eb2f5a0 12902       3       org.eclipse.buildship.core.internal.util.progress.RateLimitingProgressMonitor$1::run (55 bytes)
Event: 33.828 Thread 0x00000244b95a8ee0 nmethod 12900 0x00000244be008290 code [0x00000244be008440, 0x00000244be0085b8]
Event: 33.828 Thread 0x000002451dcc3670 nmethod 12901 0x00000244be008710 code [0x00000244be008900, 0x00000244be008ee0]
Event: 33.829 Thread 0x000002451eb2f5a0 nmethod 12902 0x00000244be009190 code [0x00000244be009560, 0x00000244be00b190]
Event: 71.957 Thread 0x00000245123b6a00 12903       4       java.util.TaskQueue::getMin (7 bytes)
Event: 71.958 Thread 0x00000245123b6a00 nmethod 12903 0x00000244c4a8b090 code [0x00000244c4a8b220, 0x00000244c4a8b2e8]
Event: 86.722 Thread 0x00000244b95a8ee0 12904       3       java.util.concurrent.ScheduledThreadPoolExecutor::canRunInCurrentRunState (61 bytes)
Event: 86.723 Thread 0x00000244b95a8ee0 nmethod 12904 0x00000244be00b990 code [0x00000244be00bba0, 0x00000244be00c350]
Event: 91.572 Thread 0x00000244b95a8ee0 12905       1       java.util.concurrent.ThreadPoolExecutor::getQueue (5 bytes)
Event: 91.572 Thread 0x00000244b95a8ee0 nmethod 12905 0x00000244c4a8b390 code [0x00000244c4a8b520, 0x00000244c4a8b5e8]
Event: 142.782 Thread 0x00000245123b6a00 12906       4       java.util.TaskQueue::isEmpty (13 bytes)
Event: 142.783 Thread 0x00000245123b6a00 nmethod 12906 0x00000244c4a8b690 code [0x00000244c4a8b820, 0x00000244c4a8b8c8]
Event: 151.575 Thread 0x00000244b95a8ee0 12907       3       org.eclipse.osgi.container.ModuleDatabase::readUnlock (11 bytes)
Event: 151.576 Thread 0x00000244b95a8ee0 nmethod 12907 0x00000244be00c590 code [0x00000244be00c760, 0x00000244be00cb48]
Event: 156.550 Thread 0x00000244b95a8ee0 12908       3       java.lang.Module::getClassLoader (20 bytes)
Event: 156.551 Thread 0x00000244b95a8ee0 nmethod 12908 0x00000244be00cd10 code [0x00000244be00cec0, 0x00000244be00d0b8]
Event: 181.577 Thread 0x00000245123b6a00 12909       4       org.eclipse.osgi.container.ModuleDatabase::readLock (11 bytes)
Event: 181.580 Thread 0x00000245123b6a00 nmethod 12909 0x00000244c4a8b990 code [0x00000244c4a8bb60, 0x00000244c4a8bed8]

GC Heap History (20 events):
Event: 14.491 GC heap before
{Heap before GC invocations=217 (full 3):
 PSYoungGen      total 6656K, used 6560K [0x00000000d5580000, 0x00000000d5d00000, 0x0000000100000000)
  eden space 6144K, 100% used [0x00000000d5580000,0x00000000d5b80000,0x00000000d5b80000)
  from space 512K, 81% used [0x00000000d5c00000,0x00000000d5c68000,0x00000000d5c80000)
  to   space 512K, 0% used [0x00000000d5c80000,0x00000000d5c80000,0x00000000d5d00000)
 ParOldGen       total 127488K, used 127211K [0x0000000080000000, 0x0000000087c80000, 0x00000000d5580000)
  object space 127488K, 99% used [0x0000000080000000,0x0000000087c3ad30,0x0000000087c80000)
 Metaspace       used 69037K, committed 70528K, reserved 1114112K
  class space    used 8358K, committed 9024K, reserved 1048576K
}
Event: 14.491 GC heap after
{Heap after GC invocations=217 (full 3):
 PSYoungGen      total 6656K, used 416K [0x00000000d5580000, 0x00000000d5d00000, 0x0000000100000000)
  eden space 6144K, 0% used [0x00000000d5580000,0x00000000d5580000,0x00000000d5b80000)
  from space 512K, 81% used [0x00000000d5c80000,0x00000000d5ce8000,0x00000000d5d00000)
  to   space 512K, 0% used [0x00000000d5c00000,0x00000000d5c00000,0x00000000d5c80000)
 ParOldGen       total 127488K, used 127323K [0x0000000080000000, 0x0000000087c80000, 0x00000000d5580000)
  object space 127488K, 99% used [0x0000000080000000,0x0000000087c56d30,0x0000000087c80000)
 Metaspace       used 69037K, committed 70528K, reserved 1114112K
  class space    used 8358K, committed 9024K, reserved 1048576K
}
Event: 14.508 GC heap before
{Heap before GC invocations=218 (full 3):
 PSYoungGen      total 6656K, used 6560K [0x00000000d5580000, 0x00000000d5d00000, 0x0000000100000000)
  eden space 6144K, 100% used [0x00000000d5580000,0x00000000d5b80000,0x00000000d5b80000)
  from space 512K, 81% used [0x00000000d5c80000,0x00000000d5ce8000,0x00000000d5d00000)
  to   space 512K, 0% used [0x00000000d5c00000,0x00000000d5c00000,0x00000000d5c80000)
 ParOldGen       total 127488K, used 127323K [0x0000000080000000, 0x0000000087c80000, 0x00000000d5580000)
  object space 127488K, 99% used [0x0000000080000000,0x0000000087c56d30,0x0000000087c80000)
 Metaspace       used 69037K, committed 70528K, reserved 1114112K
  class space    used 8358K, committed 9024K, reserved 1048576K
}
Event: 14.509 GC heap after
{Heap after GC invocations=218 (full 3):
 PSYoungGen      total 6656K, used 416K [0x00000000d5580000, 0x00000000d5d00000, 0x0000000100000000)
  eden space 6144K, 0% used [0x00000000d5580000,0x00000000d5580000,0x00000000d5b80000)
  from space 512K, 81% used [0x00000000d5c00000,0x00000000d5c68000,0x00000000d5c80000)
  to   space 512K, 0% used [0x00000000d5c80000,0x00000000d5c80000,0x00000000d5d00000)
 ParOldGen       total 127488K, used 127395K [0x0000000080000000, 0x0000000087c80000, 0x00000000d5580000)
  object space 127488K, 99% used [0x0000000080000000,0x0000000087c68d30,0x0000000087c80000)
 Metaspace       used 69037K, committed 70528K, reserved 1114112K
  class space    used 8358K, committed 9024K, reserved 1048576K
}
Event: 14.530 GC heap before
{Heap before GC invocations=219 (full 3):
 PSYoungGen      total 6656K, used 6560K [0x00000000d5580000, 0x00000000d5d00000, 0x0000000100000000)
  eden space 6144K, 100% used [0x00000000d5580000,0x00000000d5b80000,0x00000000d5b80000)
  from space 512K, 81% used [0x00000000d5c00000,0x00000000d5c68000,0x00000000d5c80000)
  to   space 512K, 0% used [0x00000000d5c80000,0x00000000d5c80000,0x00000000d5d00000)
 ParOldGen       total 127488K, used 127395K [0x0000000080000000, 0x0000000087c80000, 0x00000000d5580000)
  object space 127488K, 99% used [0x0000000080000000,0x0000000087c68d30,0x0000000087c80000)
 Metaspace       used 69037K, committed 70528K, reserved 1114112K
  class space    used 8358K, committed 9024K, reserved 1048576K
}
Event: 14.531 GC heap after
{Heap after GC invocations=219 (full 3):
 PSYoungGen      total 6656K, used 448K [0x00000000d5580000, 0x00000000d5d00000, 0x0000000100000000)
  eden space 6144K, 0% used [0x00000000d5580000,0x00000000d5580000,0x00000000d5b80000)
  from space 512K, 87% used [0x00000000d5c80000,0x00000000d5cf0000,0x00000000d5d00000)
  to   space 512K, 0% used [0x00000000d5c00000,0x00000000d5c00000,0x00000000d5c80000)
 ParOldGen       total 127488K, used 127467K [0x0000000080000000, 0x0000000087c80000, 0x00000000d5580000)
  object space 127488K, 99% used [0x0000000080000000,0x0000000087c7ad30,0x0000000087c80000)
 Metaspace       used 69037K, committed 70528K, reserved 1114112K
  class space    used 8358K, committed 9024K, reserved 1048576K
}
Event: 14.566 GC heap before
{Heap before GC invocations=220 (full 3):
 PSYoungGen      total 6656K, used 6592K [0x00000000d5580000, 0x00000000d5d00000, 0x0000000100000000)
  eden space 6144K, 100% used [0x00000000d5580000,0x00000000d5b80000,0x00000000d5b80000)
  from space 512K, 87% used [0x00000000d5c80000,0x00000000d5cf0000,0x00000000d5d00000)
  to   space 512K, 0% used [0x00000000d5c00000,0x00000000d5c00000,0x00000000d5c80000)
 ParOldGen       total 127488K, used 127467K [0x0000000080000000, 0x0000000087c80000, 0x00000000d5580000)
  object space 127488K, 99% used [0x0000000080000000,0x0000000087c7ad30,0x0000000087c80000)
 Metaspace       used 69101K, committed 70656K, reserved 1114112K
  class space    used 8367K, committed 9088K, reserved 1048576K
}
Event: 14.566 GC heap after
{Heap after GC invocations=220 (full 3):
 PSYoungGen      total 6656K, used 384K [0x00000000d5580000, 0x00000000d5d00000, 0x0000000100000000)
  eden space 6144K, 0% used [0x00000000d5580000,0x00000000d5580000,0x00000000d5b80000)
  from space 512K, 75% used [0x00000000d5c00000,0x00000000d5c60000,0x00000000d5c80000)
  to   space 512K, 0% used [0x00000000d5c80000,0x00000000d5c80000,0x00000000d5d00000)
 ParOldGen       total 128000K, used 127507K [0x0000000080000000, 0x0000000087d00000, 0x00000000d5580000)
  object space 128000K, 99% used [0x0000000080000000,0x0000000087c84d30,0x0000000087d00000)
 Metaspace       used 69101K, committed 70656K, reserved 1114112K
  class space    used 8367K, committed 9088K, reserved 1048576K
}
Event: 14.664 GC heap before
{Heap before GC invocations=221 (full 3):
 PSYoungGen      total 6656K, used 6528K [0x00000000d5580000, 0x00000000d5d00000, 0x0000000100000000)
  eden space 6144K, 100% used [0x00000000d5580000,0x00000000d5b80000,0x00000000d5b80000)
  from space 512K, 75% used [0x00000000d5c00000,0x00000000d5c60000,0x00000000d5c80000)
  to   space 512K, 0% used [0x00000000d5c80000,0x00000000d5c80000,0x00000000d5d00000)
 ParOldGen       total 128000K, used 127507K [0x0000000080000000, 0x0000000087d00000, 0x00000000d5580000)
  object space 128000K, 99% used [0x0000000080000000,0x0000000087c84d30,0x0000000087d00000)
 Metaspace       used 69715K, committed 71232K, reserved 1114112K
  class space    used 8410K, committed 9088K, reserved 1048576K
}
Event: 14.665 GC heap after
{Heap after GC invocations=221 (full 3):
 PSYoungGen      total 6144K, used 480K [0x00000000d5580000, 0x00000000d5e80000, 0x0000000100000000)
  eden space 5632K, 0% used [0x00000000d5580000,0x00000000d5580000,0x00000000d5b00000)
  from space 512K, 93% used [0x00000000d5c80000,0x00000000d5cf8020,0x00000000d5d00000)
  to   space 1536K, 0% used [0x00000000d5b00000,0x00000000d5b00000,0x00000000d5c80000)
 ParOldGen       total 128512K, used 128140K [0x0000000080000000, 0x0000000087d80000, 0x00000000d5580000)
  object space 128512K, 99% used [0x0000000080000000,0x0000000087d23360,0x0000000087d80000)
 Metaspace       used 69715K, committed 71232K, reserved 1114112K
  class space    used 8410K, committed 9088K, reserved 1048576K
}
Event: 14.742 GC heap before
{Heap before GC invocations=222 (full 3):
 PSYoungGen      total 6144K, used 6112K [0x00000000d5580000, 0x00000000d5e80000, 0x0000000100000000)
  eden space 5632K, 99% used [0x00000000d5580000,0x00000000d5affff0,0x00000000d5b00000)
  from space 512K, 93% used [0x00000000d5c80000,0x00000000d5cf8020,0x00000000d5d00000)
  to   space 1536K, 0% used [0x00000000d5b00000,0x00000000d5b00000,0x00000000d5c80000)
 ParOldGen       total 128512K, used 128140K [0x0000000080000000, 0x0000000087d80000, 0x00000000d5580000)
  object space 128512K, 99% used [0x0000000080000000,0x0000000087d23360,0x0000000087d80000)
 Metaspace       used 70657K, committed 72192K, reserved 1114112K
  class space    used 8480K, committed 9152K, reserved 1048576K
}
Event: 14.743 GC heap after
{Heap after GC invocations=222 (full 3):
 PSYoungGen      total 6656K, used 656K [0x00000000d5580000, 0x00000000d5d00000, 0x0000000100000000)
  eden space 5632K, 0% used [0x00000000d5580000,0x00000000d5580000,0x00000000d5b00000)
  from space 1024K, 64% used [0x00000000d5b00000,0x00000000d5ba4010,0x00000000d5c00000)
  to   space 1024K, 0% used [0x00000000d5c00000,0x00000000d5c00000,0x00000000d5d00000)
 ParOldGen       total 129024K, used 128636K [0x0000000080000000, 0x0000000087e00000, 0x00000000d5580000)
  object space 129024K, 99% used [0x0000000080000000,0x0000000087d9f390,0x0000000087e00000)
 Metaspace       used 70657K, committed 72192K, reserved 1114112K
  class space    used 8480K, committed 9152K, reserved 1048576K
}
Event: 14.807 GC heap before
{Heap before GC invocations=223 (full 3):
 PSYoungGen      total 6656K, used 6288K [0x00000000d5580000, 0x00000000d5d00000, 0x0000000100000000)
  eden space 5632K, 100% used [0x00000000d5580000,0x00000000d5b00000,0x00000000d5b00000)
  from space 1024K, 64% used [0x00000000d5b00000,0x00000000d5ba4010,0x00000000d5c00000)
  to   space 1024K, 0% used [0x00000000d5c00000,0x00000000d5c00000,0x00000000d5d00000)
 ParOldGen       total 129024K, used 128636K [0x0000000080000000, 0x0000000087e00000, 0x00000000d5580000)
  object space 129024K, 99% used [0x0000000080000000,0x0000000087d9f390,0x0000000087e00000)
 Metaspace       used 71203K, committed 72768K, reserved 1114112K
  class space    used 8559K, committed 9280K, reserved 1048576K
}
Event: 14.808 GC heap after
{Heap after GC invocations=223 (full 3):
 PSYoungGen      total 6656K, used 676K [0x00000000d5580000, 0x00000000d5d00000, 0x0000000100000000)
  eden space 5632K, 0% used [0x00000000d5580000,0x00000000d5580000,0x00000000d5b00000)
  from space 1024K, 66% used [0x00000000d5c00000,0x00000000d5ca91e8,0x00000000d5d00000)
  to   space 1024K, 0% used [0x00000000d5b00000,0x00000000d5b00000,0x00000000d5c00000)
 ParOldGen       total 129536K, used 129048K [0x0000000080000000, 0x0000000087e80000, 0x00000000d5580000)
  object space 129536K, 99% used [0x0000000080000000,0x0000000087e06080,0x0000000087e80000)
 Metaspace       used 71203K, committed 72768K, reserved 1114112K
  class space    used 8559K, committed 9280K, reserved 1048576K
}
Event: 14.872 GC heap before
{Heap before GC invocations=224 (full 3):
 PSYoungGen      total 6656K, used 6308K [0x00000000d5580000, 0x00000000d5d00000, 0x0000000100000000)
  eden space 5632K, 100% used [0x00000000d5580000,0x00000000d5b00000,0x00000000d5b00000)
  from space 1024K, 66% used [0x00000000d5c00000,0x00000000d5ca91e8,0x00000000d5d00000)
  to   space 1024K, 0% used [0x00000000d5b00000,0x00000000d5b00000,0x00000000d5c00000)
 ParOldGen       total 129536K, used 129048K [0x0000000080000000, 0x0000000087e80000, 0x00000000d5580000)
  object space 129536K, 99% used [0x0000000080000000,0x0000000087e06080,0x0000000087e80000)
 Metaspace       used 71722K, committed 73280K, reserved 1114112K
  class space    used 8631K, committed 9344K, reserved 1048576K
}
Event: 14.873 GC heap after
{Heap after GC invocations=224 (full 3):
 PSYoungGen      total 6656K, used 688K [0x00000000d5580000, 0x00000000d5d00000, 0x0000000100000000)
  eden space 5632K, 0% used [0x00000000d5580000,0x00000000d5580000,0x00000000d5b00000)
  from space 1024K, 67% used [0x00000000d5b00000,0x00000000d5bac020,0x00000000d5c00000)
  to   space 1024K, 0% used [0x00000000d5c00000,0x00000000d5c00000,0x00000000d5d00000)
 ParOldGen       total 129536K, used 129379K [0x0000000080000000, 0x0000000087e80000, 0x00000000d5580000)
  object space 129536K, 99% used [0x0000000080000000,0x0000000087e58c30,0x0000000087e80000)
 Metaspace       used 71722K, committed 73280K, reserved 1114112K
  class space    used 8631K, committed 9344K, reserved 1048576K
}
Event: 14.925 GC heap before
{Heap before GC invocations=225 (full 3):
 PSYoungGen      total 6656K, used 6320K [0x00000000d5580000, 0x00000000d5d00000, 0x0000000100000000)
  eden space 5632K, 100% used [0x00000000d5580000,0x00000000d5b00000,0x00000000d5b00000)
  from space 1024K, 67% used [0x00000000d5b00000,0x00000000d5bac020,0x00000000d5c00000)
  to   space 1024K, 0% used [0x00000000d5c00000,0x00000000d5c00000,0x00000000d5d00000)
 ParOldGen       total 129536K, used 129379K [0x0000000080000000, 0x0000000087e80000, 0x00000000d5580000)
  object space 129536K, 99% used [0x0000000080000000,0x0000000087e58c30,0x0000000087e80000)
 Metaspace       used 71865K, committed 73408K, reserved 1114112K
  class space    used 8648K, committed 9344K, reserved 1048576K
}
Event: 14.926 GC heap after
{Heap after GC invocations=225 (full 3):
 PSYoungGen      total 6656K, used 544K [0x00000000d5580000, 0x00000000d5d00000, 0x0000000100000000)
  eden space 5632K, 0% used [0x00000000d5580000,0x00000000d5580000,0x00000000d5b00000)
  from space 1024K, 53% used [0x00000000d5c00000,0x00000000d5c88000,0x00000000d5d00000)
  to   space 1024K, 0% used [0x00000000d5b00000,0x00000000d5b00000,0x00000000d5c00000)
 ParOldGen       total 130048K, used 129603K [0x0000000080000000, 0x0000000087f00000, 0x00000000d5580000)
  object space 130048K, 99% used [0x0000000080000000,0x0000000087e90c50,0x0000000087f00000)
 Metaspace       used 71865K, committed 73408K, reserved 1114112K
  class space    used 8648K, committed 9344K, reserved 1048576K
}
Event: 14.983 GC heap before
{Heap before GC invocations=226 (full 3):
 PSYoungGen      total 6656K, used 6176K [0x00000000d5580000, 0x00000000d5d00000, 0x0000000100000000)
  eden space 5632K, 100% used [0x00000000d5580000,0x00000000d5b00000,0x00000000d5b00000)
  from space 1024K, 53% used [0x00000000d5c00000,0x00000000d5c88000,0x00000000d5d00000)
  to   space 1024K, 0% used [0x00000000d5b00000,0x00000000d5b00000,0x00000000d5c00000)
 ParOldGen       total 130048K, used 129603K [0x0000000080000000, 0x0000000087f00000, 0x00000000d5580000)
  object space 130048K, 99% used [0x0000000080000000,0x0000000087e90c50,0x0000000087f00000)
 Metaspace       used 71952K, committed 73536K, reserved 1114112K
  class space    used 8650K, committed 9344K, reserved 1048576K
}
Event: 14.984 GC heap after
{Heap after GC invocations=226 (full 3):
 PSYoungGen      total 6656K, used 672K [0x00000000d5580000, 0x00000000d5d00000, 0x0000000100000000)
  eden space 5632K, 0% used [0x00000000d5580000,0x00000000d5580000,0x00000000d5b00000)
  from space 1024K, 65% used [0x00000000d5b00000,0x00000000d5ba8000,0x00000000d5c00000)
  to   space 1024K, 0% used [0x00000000d5c00000,0x00000000d5c00000,0x00000000d5d00000)
 ParOldGen       total 130048K, used 129947K [0x0000000080000000, 0x0000000087f00000, 0x00000000d5580000)
  object space 130048K, 99% used [0x0000000080000000,0x0000000087ee6c50,0x0000000087f00000)
 Metaspace       used 71952K, committed 73536K, reserved 1114112K
  class space    used 8650K, committed 9344K, reserved 1048576K
}

Dll operation events (15 events):
Event: 0.011 Loaded shared library c:\Users\Taxes\.vscode\extensions\redhat.java-1.54.0-win32-x64\jre\21.0.10-win32-x86_64\bin\java.dll
Event: 0.035 Loaded shared library c:\Users\Taxes\.vscode\extensions\redhat.java-1.54.0-win32-x64\jre\21.0.10-win32-x86_64\bin\zip.dll
Event: 0.107 Loaded shared library C:\Users\Taxes\.vscode\extensions\redhat.java-1.54.0-win32-x64\jre\21.0.10-win32-x86_64\bin\instrument.dll
Event: 0.114 Loaded shared library C:\Users\Taxes\.vscode\extensions\redhat.java-1.54.0-win32-x64\jre\21.0.10-win32-x86_64\bin\net.dll
Event: 0.123 Loaded shared library C:\Users\Taxes\.vscode\extensions\redhat.java-1.54.0-win32-x64\jre\21.0.10-win32-x86_64\bin\nio.dll
Event: 0.127 Loaded shared library C:\Users\Taxes\.vscode\extensions\redhat.java-1.54.0-win32-x64\jre\21.0.10-win32-x86_64\bin\zip.dll
Event: 0.147 Loaded shared library C:\Users\Taxes\.vscode\extensions\redhat.java-1.54.0-win32-x64\jre\21.0.10-win32-x86_64\bin\jimage.dll
Event: 0.228 Loaded shared library c:\Users\Taxes\.vscode\extensions\redhat.java-1.54.0-win32-x64\jre\21.0.10-win32-x86_64\bin\verify.dll
Event: 1.752 Loaded shared library C:\Users\Taxes\AppData\Roaming\Code\User\globalStorage\redhat.java\1.54.0\config_win\org.eclipse.equinox.launcher\org.eclipse.equinox.launcher.win32.win32.x86_64_1.3.0.v20260203-2149\eclipse_11919.dll
Event: 5.053 Loaded shared library C:\Users\Taxes\AppData\Local\Temp\jna-80584057\jna10168568609300367906.dll
Event: 8.077 Loaded shared library C:\Users\Taxes\.gradle\native\25\windows-amd64\native-platform.dll
Event: 8.855 Loaded shared library C:\Users\Taxes\.vscode\extensions\redhat.java-1.54.0-win32-x64\jre\21.0.10-win32-x86_64\bin\management.dll
Event: 8.859 Loaded shared library C:\Users\Taxes\.vscode\extensions\redhat.java-1.54.0-win32-x64\jre\21.0.10-win32-x86_64\bin\management_ext.dll
Event: 11.506 Loaded shared library C:\Users\Taxes\.vscode\extensions\redhat.java-1.54.0-win32-x64\jre\21.0.10-win32-x86_64\bin\extnet.dll
Event: 11.535 Loaded shared library C:\Users\Taxes\.vscode\extensions\redhat.java-1.54.0-win32-x64\jre\21.0.10-win32-x86_64\bin\sunmscapi.dll

Deoptimization events (20 events):
Event: 31.472 Thread 0x0000024518bbfa00 Uncommon trap: trap_request=0xffffff45 fr.pc=0x00000244c4678c84 relative=0x0000000000000cc4
Event: 31.472 Thread 0x0000024518bbfa00 Uncommon trap: reason=unstable_if action=reinterpret pc=0x00000244c4678c84 method=java.util.HashMap.putVal(ILjava/lang/Object;Ljava/lang/Object;ZZ)Ljava/lang/Object; @ 94 c2
Event: 31.472 Thread 0x0000024518bbfa00 DEOPT PACKING pc=0x00000244c4678c84 sp=0x000000ccbd0fea30
Event: 31.472 Thread 0x0000024518bbfa00 DEOPT UNPACKING pc=0x00000244c3b96da2 sp=0x000000ccbd0fe8d0 mode 2
Event: 31.472 Thread 0x0000024518bbfa00 Uncommon trap: trap_request=0xffffff45 fr.pc=0x00000244c475ea08 relative=0x0000000000000588
Event: 31.472 Thread 0x0000024518bbfa00 Uncommon trap: reason=unstable_if action=reinterpret pc=0x00000244c475ea08 method=java.util.HashMap.removeNode(ILjava/lang/Object;Ljava/lang/Object;ZZ)Ljava/util/HashMap$Node; @ 62 c2
Event: 31.472 Thread 0x0000024518bbfa00 DEOPT PACKING pc=0x00000244c475ea08 sp=0x000000ccbd0feaa0
Event: 31.472 Thread 0x0000024518bbfa00 DEOPT UNPACKING pc=0x00000244c3b96da2 sp=0x000000ccbd0fe9a0 mode 2
Event: 31.484 Thread 0x0000024518bbfa00 Uncommon trap: trap_request=0xffffff45 fr.pc=0x00000244c486f858 relative=0x0000000000000198
Event: 31.484 Thread 0x0000024518bbfa00 Uncommon trap: reason=unstable_if action=reinterpret pc=0x00000244c486f858 method=java.util.HashMap.getNode(Ljava/lang/Object;)Ljava/util/HashMap$Node; @ 131 c2
Event: 31.484 Thread 0x0000024518bbfa00 DEOPT PACKING pc=0x00000244c486f858 sp=0x000000ccbd0fea90
Event: 31.484 Thread 0x0000024518bbfa00 DEOPT UNPACKING pc=0x00000244c3b96da2 sp=0x000000ccbd0fe9a0 mode 2
Event: 31.485 Thread 0x0000024518bbfa00 Uncommon trap: trap_request=0xffffff45 fr.pc=0x00000244c486f1ac relative=0x000000000000026c
Event: 31.485 Thread 0x0000024518bbfa00 Uncommon trap: reason=unstable_if action=reinterpret pc=0x00000244c486f1ac method=java.util.HashMap.getNode(Ljava/lang/Object;)Ljava/util/HashMap$Node; @ 131 c2
Event: 31.485 Thread 0x0000024518bbfa00 DEOPT PACKING pc=0x00000244c486f1ac sp=0x000000ccbd0fe9b0
Event: 31.485 Thread 0x0000024518bbfa00 DEOPT UNPACKING pc=0x00000244c3b96da2 sp=0x000000ccbd0fe930 mode 2
Event: 31.485 Thread 0x0000024518bbfa00 Uncommon trap: trap_request=0xffffff45 fr.pc=0x00000244c4850820 relative=0x0000000000000600
Event: 31.485 Thread 0x0000024518bbfa00 Uncommon trap: reason=unstable_if action=reinterpret pc=0x00000244c4850820 method=java.util.HashMap.putVal(ILjava/lang/Object;Ljava/lang/Object;ZZ)Ljava/lang/Object; @ 206 c2
Event: 31.485 Thread 0x0000024518bbfa00 DEOPT PACKING pc=0x00000244c4850820 sp=0x000000ccbd0fea10
Event: 31.485 Thread 0x0000024518bbfa00 DEOPT UNPACKING pc=0x00000244c3b96da2 sp=0x000000ccbd0fe908 mode 2

Classes loaded (20 events):
Event: 31.538 Loading class sun/util/locale/provider/TimeZoneNameProviderImpl done
Event: 31.538 Loading class sun/util/cldr/CLDRTimeZoneNameProviderImpl done
Event: 31.543 Loading class sun/util/locale/provider/BaseLocaleDataMetaInfo
Event: 31.543 Loading class sun/util/locale/provider/BaseLocaleDataMetaInfo done
Event: 31.547 Loading class sun/util/resources/cldr/TimeZoneNames
Event: 31.548 Loading class sun/util/resources/TimeZoneNamesBundle
Event: 31.548 Loading class sun/util/resources/OpenListResourceBundle
Event: 31.548 Loading class sun/util/resources/OpenListResourceBundle done
Event: 31.548 Loading class sun/util/resources/TimeZoneNamesBundle done
Event: 31.548 Loading class sun/util/resources/cldr/TimeZoneNames done
Event: 31.548 Loading class sun/util/resources/cldr/TimeZoneNames_en
Event: 31.550 Loading class sun/util/resources/cldr/TimeZoneNames_en done
Event: 31.551 Loading class sun/util/resources/cldr/TimeZoneNames_en_US
Event: 31.551 Loading class sun/util/resources/cldr/TimeZoneNames_en_US done
Event: 31.552 Loading class sun/util/cldr/CLDRBaseLocaleDataMetaInfo$TZCanonicalIDMapHolder
Event: 31.553 Loading class sun/util/cldr/CLDRBaseLocaleDataMetaInfo$TZCanonicalIDMapHolder done
Event: 31.556 Loading class sun/util/resources/TimeZoneNames
Event: 31.558 Loading class sun/util/resources/TimeZoneNames done
Event: 31.559 Loading class sun/util/resources/TimeZoneNames_en
Event: 31.559 Loading class sun/util/resources/TimeZoneNames_en done

Classes unloaded (7 events):
Event: 5.594 Thread 0x00000244cff84370 Unloading class 0x00000244d11ab000 'java/lang/invoke/LambdaForm$MH+0x00000244d11ab000'
Event: 5.594 Thread 0x00000244cff84370 Unloading class 0x00000244d11aac00 'java/lang/invoke/LambdaForm$MH+0x00000244d11aac00'
Event: 5.594 Thread 0x00000244cff84370 Unloading class 0x00000244d11aa800 'java/lang/invoke/LambdaForm$MH+0x00000244d11aa800'
Event: 5.594 Thread 0x00000244cff84370 Unloading class 0x00000244d11aa400 'java/lang/invoke/LambdaForm$MH+0x00000244d11aa400'
Event: 5.594 Thread 0x00000244cff84370 Unloading class 0x00000244d11aa000 'java/lang/invoke/LambdaForm$BMH+0x00000244d11aa000'
Event: 5.594 Thread 0x00000244cff84370 Unloading class 0x00000244d11a9c00 'java/lang/invoke/LambdaForm$DMH+0x00000244d11a9c00'
Event: 5.594 Thread 0x00000244cff84370 Unloading class 0x00000244d11a8c00 'java/lang/invoke/LambdaForm$DMH+0x00000244d11a8c00'

Classes redefined (0 events):
No events

Internal exceptions (20 events):
Event: 14.037 Thread 0x000002451b6a51d0 Exception <a 'sun/nio/fs/WindowsException'{0x00000000d5b1be30}> (0x00000000d5b1be30) 
thrown [s\src\hotspot\share\prims\jni.cpp, line 520]
Event: 14.037 Thread 0x000002451b6a51d0 Exception <a 'sun/nio/fs/WindowsException'{0x00000000d5b1d4c8}> (0x00000000d5b1d4c8) 
thrown [s\src\hotspot\share\prims\jni.cpp, line 520]
Event: 14.037 Thread 0x000002451b6a51d0 Exception <a 'sun/nio/fs/WindowsException'{0x00000000d5b1e038}> (0x00000000d5b1e038) 
thrown [s\src\hotspot\share\prims\jni.cpp, line 520]
Event: 14.038 Thread 0x000002451b6a51d0 Exception <a 'sun/nio/fs/WindowsException'{0x00000000d5b1f400}> (0x00000000d5b1f400) 
thrown [s\src\hotspot\share\prims\jni.cpp, line 520]
Event: 14.038 Thread 0x000002451b6a51d0 Exception <a 'sun/nio/fs/WindowsException'{0x00000000d5b20030}> (0x00000000d5b20030) 
thrown [s\src\hotspot\share\prims\jni.cpp, line 520]
Event: 14.038 Thread 0x000002451b6a51d0 Exception <a 'sun/nio/fs/WindowsException'{0x00000000d5b217b8}> (0x00000000d5b217b8) 
thrown [s\src\hotspot\share\prims\jni.cpp, line 520]
Event: 14.038 Thread 0x000002451b6a51d0 Exception <a 'sun/nio/fs/WindowsException'{0x00000000d5b22328}> (0x00000000d5b22328) 
thrown [s\src\hotspot\share\prims\jni.cpp, line 520]
Event: 14.244 Thread 0x000002451911e830 Exception <a 'java/lang/NoSuchMethodError'{0x00000000d5993f08}: 'java.lang.Object java.lang.invoke.DirectMethodHandle$Holder.newInvokeSpecial(java.lang.Object, java.lang.Object, int, java.lang.Object, java.lang.Object)'> (0x00000000d5993f08) 
thrown [s\src\hotspot\share\interpreter\linkResolver.cpp, line 773]
Event: 14.572 Thread 0x000002451911e830 Exception <a 'java/io/FileNotFoundException'{0x00000000d55ea448}> (0x00000000d55ea448) 
thrown [s\src\hotspot\share\prims\jni.cpp, line 520]
Event: 14.572 Thread 0x000002451911e830 Exception <a 'java/io/FileNotFoundException'{0x00000000d55ebb20}> (0x00000000d55ebb20) 
thrown [s\src\hotspot\share\prims\jni.cpp, line 520]
Event: 14.572 Thread 0x000002451911e830 Exception <a 'java/io/FileNotFoundException'{0x00000000d55ecd20}> (0x00000000d55ecd20) 
thrown [s\src\hotspot\share\prims\jni.cpp, line 520]
Event: 14.590 Thread 0x000002451911e830 Implicit null exception at 0x00000244c48bd486 to 0x00000244c48bd7b0
Event: 14.804 Thread 0x000002451911e830 Exception <a 'java/lang/NoSuchMethodError'{0x00000000d5ab5480}: 'java.lang.Object java.lang.invoke.DirectMethodHandle$Holder.invokeVirtual(java.lang.Object, java.lang.Object, int)'> (0x00000000d5ab5480) 
thrown [s\src\hotspot\share\interpreter\linkResolver.cpp, line 773]
Event: 14.847 Thread 0x000002451911e830 Exception <a 'java/lang/NoSuchMethodError'{0x00000000d58bcb00}: 'java.lang.Object java.lang.invoke.DirectMethodHandle$Holder.invokeStatic(java.lang.Object, java.lang.Object, int, java.lang.Object, java.lang.Object)'> (0x00000000d58bcb00) 
thrown [s\src\hotspot\share\interpreter\linkResolver.cpp, line 773]
Event: 14.848 Thread 0x000002451911e830 Exception <a 'java/lang/NoSuchMethodError'{0x00000000d58c3128}: 'java.lang.Object java.lang.invoke.DirectMethodHandle$Holder.newInvokeSpecial(java.lang.Object, java.lang.Object, int)'> (0x00000000d58c3128) 
thrown [s\src\hotspot\share\interpreter\linkResolver.cpp, line 773]
Event: 14.855 Thread 0x000002451911e830 Exception <a 'java/lang/NoSuchMethodError'{0x00000000d5941d30}: 'void java.lang.invoke.DirectMethodHandle$Holder.invokeStatic(java.lang.Object, int)'> (0x00000000d5941d30) 
thrown [s\src\hotspot\share\interpreter\linkResolver.cpp, line 773]
Event: 14.915 Thread 0x000002451911e830 Exception <a 'java/io/FileNotFoundException'{0x00000000d5a83908}> (0x00000000d5a83908) 
thrown [s\src\hotspot\share\prims\jni.cpp, line 520]
Event: 14.916 Thread 0x000002451911e830 Exception <a 'java/io/FileNotFoundException'{0x00000000d5a84ec8}> (0x00000000d5a84ec8) 
thrown [s\src\hotspot\share\prims\jni.cpp, line 520]
Event: 14.916 Thread 0x000002451911e830 Exception <a 'java/io/FileNotFoundException'{0x00000000d5a86090}> (0x00000000d5a86090) 
thrown [s\src\hotspot\share\prims\jni.cpp, line 520]
Event: 199.735 Thread 0x000002451b6a16c0 Exception <a 'java/lang/IncompatibleClassChangeError'{0x00000000d5acf5b8}: Found class java.lang.Object, but interface was expected> (0x00000000d5acf5b8) 
thrown [s\src\hotspot\share\interpreter\linkResolver.cpp, line 840]

ZGC Phase Switch (0 events):
No events

VM Operations (20 events):
Event: 14.925 Executing safepoint VM operation: ParallelGCFailedAllocation (Allocation Failure)
Event: 14.926 Executing safepoint VM operation: ParallelGCFailedAllocation (Allocation Failure) done
Event: 14.983 Executing safepoint VM operation: ParallelGCFailedAllocation (Allocation Failure)
Event: 14.984 Executing safepoint VM operation: ParallelGCFailedAllocation (Allocation Failure) done
Event: 15.984 Executing safepoint VM operation: Cleanup
Event: 15.984 Executing safepoint VM operation: Cleanup done
Event: 16.984 Executing safepoint VM operation: Cleanup
Event: 16.984 Executing safepoint VM operation: Cleanup done
Event: 18.985 Executing safepoint VM operation: Cleanup
Event: 18.985 Executing safepoint VM operation: Cleanup done
Event: 31.992 Executing safepoint VM operation: Cleanup
Event: 31.992 Executing safepoint VM operation: Cleanup done
Event: 36.995 Executing safepoint VM operation: Cleanup
Event: 36.995 Executing safepoint VM operation: Cleanup done
Event: 60.186 Executing non-safepoint VM operation: HandshakeAllThreads (HandshakeForDeflation)
Event: 60.186 Executing non-safepoint VM operation: HandshakeAllThreads (HandshakeForDeflation) done
Event: 60.186 Executing non-safepoint VM operation: RendezvousGCThreads
Event: 60.186 Executing non-safepoint VM operation: RendezvousGCThreads done
Event: 200.247 Executing safepoint VM operation: Cleanup
Event: 200.247 Executing safepoint VM operation: Cleanup done

Memory protections (0 events):
No events

Nmethod flushes (20 events):
Event: 10.397 Thread 0x00000244cff84370 flushing  nmethod 0x00000244bd107510
Event: 10.397 Thread 0x00000244cff84370 flushing  nmethod 0x00000244bd115490
Event: 10.397 Thread 0x00000244cff84370 flushing  nmethod 0x00000244bd11c010
Event: 10.397 Thread 0x00000244cff84370 flushing  nmethod 0x00000244bd140e10
Event: 10.397 Thread 0x00000244cff84370 flushing  nmethod 0x00000244bd141910
Event: 10.397 Thread 0x00000244cff84370 flushing  nmethod 0x00000244bd143d90
Event: 10.397 Thread 0x00000244cff84370 flushing  nmethod 0x00000244bd15bc90
Event: 10.397 Thread 0x00000244cff84370 flushing  nmethod 0x00000244bd15f990
Event: 10.397 Thread 0x00000244cff84370 flushing  nmethod 0x00000244bd179e90
Event: 10.397 Thread 0x00000244cff84370 flushing osr nmethod 0x00000244bd1d0190
Event: 10.397 Thread 0x00000244cff84370 flushing  nmethod 0x00000244bd1d3210
Event: 10.397 Thread 0x00000244cff84370 flushing  nmethod 0x00000244bd1d5c10
Event: 10.397 Thread 0x00000244cff84370 flushing  nmethod 0x00000244bd1f5810
Event: 10.397 Thread 0x00000244cff84370 flushing  nmethod 0x00000244bd1f6210
Event: 10.397 Thread 0x00000244cff84370 flushing  nmethod 0x00000244bd1f7b10
Event: 10.397 Thread 0x00000244cff84370 flushing  nmethod 0x00000244bd1f9610
Event: 10.397 Thread 0x00000244cff84370 flushing  nmethod 0x00000244bd1f9a90
Event: 10.397 Thread 0x00000244cff84370 flushing  nmethod 0x00000244bd201f10
Event: 10.397 Thread 0x00000244cff84370 flushing  nmethod 0x00000244bd205c10
Event: 10.397 Thread 0x00000244cff84370 flushing  nmethod 0x00000244bd205f90

Events (20 events):
Event: 25.827 Thread 0x00000245195b8270 Thread exited: 0x00000245195b8270
Event: 31.460 Thread 0x00000244b95a8ee0 Thread added: 0x000002451dcc3670
Event: 31.462 Thread 0x000002451dcc3670 Thread added: 0x000002451eb2f5a0
Event: 31.471 Thread 0x000002451eb2f5a0 Thread added: 0x000002451eb2e130
Event: 31.485 Thread 0x000002451dcc3670 Thread added: 0x000002451eb30a10
Event: 31.493 Thread 0x00000245123b6a00 Thread added: 0x000002451eb332f0
Event: 33.828 Thread 0x000002451eb332f0 Thread exited: 0x000002451eb332f0
Event: 33.828 Thread 0x000002451eb30a10 Thread exited: 0x000002451eb30a10
Event: 33.828 Thread 0x000002451eb2e130 Thread exited: 0x000002451eb2e130
Event: 38.828 Thread 0x000002451eb2f5a0 Thread exited: 0x000002451eb2f5a0
Event: 43.829 Thread 0x000002451dcc3670 Thread exited: 0x000002451dcc3670
Event: 69.429 Thread 0x000002451b0c3520 Thread exited: 0x000002451b0c3520
Event: 69.430 Thread 0x000002451b0bdfd0 Thread exited: 0x000002451b0bdfd0
Event: 69.436 Thread 0x000002451b0c2e90 Thread exited: 0x000002451b0c2e90
Event: 73.990 Thread 0x00000245199b5770 Thread exited: 0x00000245199b5770
Event: 74.039 Thread 0x000002451911eec0 Thread exited: 0x000002451911eec0
Event: 74.228 Thread 0x000002451911db10 Thread exited: 0x000002451911db10
Event: 74.229 Thread 0x000002451b6a51d0 Thread exited: 0x000002451b6a51d0
Event: 134.229 Thread 0x000002451b6a2a70 Thread exited: 0x000002451b6a2a70
Event: 194.229 Thread 0x000002451b6a4b40 Thread exited: 0x000002451b6a4b40


Dynamic libraries:
0x00007ff650cd0000 - 0x00007ff650cde000 	c:\Users\Taxes\.vscode\extensions\redhat.java-1.54.0-win32-x64\jre\21.0.10-win32-x86_64\bin\java.exe
0x00007ffed6df0000 - 0x00007ffed7007000 	C:\Windows\SYSTEM32\ntdll.dll
0x00007ffed6200000 - 0x00007ffed62c4000 	C:\Windows\System32\KERNEL32.DLL
0x00007ffed44b0000 - 0x00007ffed4856000 	C:\Windows\System32\KERNELBASE.dll
0x00007ffed4310000 - 0x00007ffed4421000 	C:\Windows\System32\ucrtbase.dll
0x00007ffe85650000 - 0x00007ffe8566e000 	c:\Users\Taxes\.vscode\extensions\redhat.java-1.54.0-win32-x64\jre\21.0.10-win32-x86_64\bin\VCRUNTIME140.dll
0x00007ffe83b60000 - 0x00007ffe83b78000 	c:\Users\Taxes\.vscode\extensions\redhat.java-1.54.0-win32-x64\jre\21.0.10-win32-x86_64\bin\jli.dll
0x00007ffed5140000 - 0x00007ffed52ed000 	C:\Windows\System32\USER32.dll
0x00007ffed42e0000 - 0x00007ffed4306000 	C:\Windows\System32\win32u.dll
0x00007ffebf7c0000 - 0x00007ffebfa53000 	C:\Windows\WinSxS\amd64_microsoft.windows.common-controls_6595b64144ccf1df_6.0.22621.2361_none_2712ced57382f843\COMCTL32.dll
0x00007ffed6150000 - 0x00007ffed61f7000 	C:\Windows\System32\msvcrt.dll
0x00007ffed63b0000 - 0x00007ffed63d9000 	C:\Windows\System32\GDI32.dll
0x00007ffed48d0000 - 0x00007ffed49e8000 	C:\Windows\System32\gdi32full.dll
0x00007ffed49f0000 - 0x00007ffed4a8a000 	C:\Windows\System32\msvcp_win.dll
0x00007ffed6c00000 - 0x00007ffed6c31000 	C:\Windows\System32\IMM32.DLL
0x00007ffecf640000 - 0x00007ffecf64c000 	c:\Users\Taxes\.vscode\extensions\redhat.java-1.54.0-win32-x64\jre\21.0.10-win32-x86_64\bin\vcruntime140_1.dll
0x00007ffdf0de0000 - 0x00007ffdf0e6d000 	c:\Users\Taxes\.vscode\extensions\redhat.java-1.54.0-win32-x64\jre\21.0.10-win32-x86_64\bin\msvcp140.dll
0x00007ffdb8e60000 - 0x00007ffdb9c01000 	c:\Users\Taxes\.vscode\extensions\redhat.java-1.54.0-win32-x64\jre\21.0.10-win32-x86_64\bin\server\jvm.dll
0x00007ffed6a20000 - 0x00007ffed6ad0000 	C:\Windows\System32\ADVAPI32.dll
0x00007ffed4cc0000 - 0x00007ffed4d66000 	C:\Windows\System32\sechost.dll
0x00007ffed6c90000 - 0x00007ffed6da7000 	C:\Windows\System32\RPCRT4.dll
0x00007ffed6b80000 - 0x00007ffed6bf1000 	C:\Windows\System32\WS2_32.dll
0x00007ffed4040000 - 0x00007ffed408d000 	C:\Windows\SYSTEM32\POWRPROF.dll
0x00007ffecc2d0000 - 0x00007ffecc304000 	C:\Windows\SYSTEM32\WINMM.dll
0x00007ffecb3a0000 - 0x00007ffecb3aa000 	C:\Windows\SYSTEM32\VERSION.dll
0x00007ffed4020000 - 0x00007ffed4033000 	C:\Windows\SYSTEM32\UMPDC.dll
0x00007ffed3110000 - 0x00007ffed3128000 	C:\Windows\SYSTEM32\kernel.appcore.dll
0x00007ffe83b50000 - 0x00007ffe83b5a000 	c:\Users\Taxes\.vscode\extensions\redhat.java-1.54.0-win32-x64\jre\21.0.10-win32-x86_64\bin\jimage.dll
0x00007ffed17f0000 - 0x00007ffed1a1e000 	C:\Windows\SYSTEM32\DBGHELP.DLL
0x00007ffed5bf0000 - 0x00007ffed5f7a000 	C:\Windows\System32\combase.dll
0x00007ffed62d0000 - 0x00007ffed63a7000 	C:\Windows\System32\OLEAUT32.dll
0x00007ffebeb20000 - 0x00007ffebeb52000 	C:\Windows\SYSTEM32\dbgcore.DLL
0x00007ffed4430000 - 0x00007ffed44aa000 	C:\Windows\System32\bcryptPrimitives.dll
0x00007ffecf630000 - 0x00007ffecf63f000 	c:\Users\Taxes\.vscode\extensions\redhat.java-1.54.0-win32-x64\jre\21.0.10-win32-x86_64\bin\instrument.dll
0x00007ffe77bf0000 - 0x00007ffe77c10000 	c:\Users\Taxes\.vscode\extensions\redhat.java-1.54.0-win32-x64\jre\21.0.10-win32-x86_64\bin\java.dll
0x00007ffed5300000 - 0x00007ffed5b58000 	C:\Windows\System32\SHELL32.dll
0x00007ffed2080000 - 0x00007ffed2972000 	C:\Windows\SYSTEM32\windows.storage.dll
0x00007ffed1f40000 - 0x00007ffed207e000 	C:\Windows\SYSTEM32\wintypes.dll
0x00007ffed4de0000 - 0x00007ffed4ed3000 	C:\Windows\System32\SHCORE.dll
0x00007ffed4c60000 - 0x00007ffed4cbe000 	C:\Windows\System32\shlwapi.dll
0x00007ffed40a0000 - 0x00007ffed40c6000 	C:\Windows\SYSTEM32\profapi.dll
0x00007ffe5fb10000 - 0x00007ffe5fb28000 	c:\Users\Taxes\.vscode\extensions\redhat.java-1.54.0-win32-x64\jre\21.0.10-win32-x86_64\bin\zip.dll
0x00007ffe7e090000 - 0x00007ffe7e0a0000 	C:\Users\Taxes\.vscode\extensions\redhat.java-1.54.0-win32-x64\jre\21.0.10-win32-x86_64\bin\net.dll
0x00007ffecdb60000 - 0x00007ffecdc97000 	C:\Windows\SYSTEM32\WINHTTP.dll
0x00007ffeb7b90000 - 0x00007ffeb7d0a000 	C:\Program Files (x86)\Sangfor\SSL\ClientComponent\SangforTcpX64.dll
0x00007ffed5f90000 - 0x00007ffed612f000 	C:\Windows\System32\ole32.dll
0x00007ffed4860000 - 0x00007ffed48cc000 	C:\Windows\System32\WINTRUST.dll
0x00007ffed4170000 - 0x00007ffed42d6000 	C:\Windows\System32\CRYPT32.dll
0x00007ffed38c0000 - 0x00007ffed38d2000 	C:\Windows\SYSTEM32\MSASN1.dll
0x00007ffed35f0000 - 0x00007ffed3659000 	C:\Windows\system32\mswsock.dll
0x00007ffe44830000 - 0x00007ffe44846000 	C:\Users\Taxes\.vscode\extensions\redhat.java-1.54.0-win32-x64\jre\21.0.10-win32-x86_64\bin\nio.dll
0x00007ffecf600000 - 0x00007ffecf610000 	c:\Users\Taxes\.vscode\extensions\redhat.java-1.54.0-win32-x64\jre\21.0.10-win32-x86_64\bin\verify.dll
0x00007ffe81e90000 - 0x00007ffe81ed5000 	C:\Users\Taxes\AppData\Roaming\Code\User\globalStorage\redhat.java\1.54.0\config_win\org.eclipse.equinox.launcher\org.eclipse.equinox.launcher.win32.win32.x86_64_1.3.0.v20260203-2149\eclipse_11919.dll
0x00007ffed3870000 - 0x00007ffed388b000 	C:\Windows\SYSTEM32\CRYPTSP.dll
0x00007ffed30d0000 - 0x00007ffed3105000 	C:\Windows\system32\rsaenh.dll
0x00007ffed36c0000 - 0x00007ffed36ec000 	C:\Windows\SYSTEM32\USERENV.dll
0x00007ffed3a40000 - 0x00007ffed3a68000 	C:\Windows\SYSTEM32\bcrypt.dll
0x00007ffed3860000 - 0x00007ffed386c000 	C:\Windows\SYSTEM32\CRYPTBASE.dll
0x00007ffed2be0000 - 0x00007ffed2c0d000 	C:\Windows\SYSTEM32\IPHLPAPI.DLL
0x00007ffed5b60000 - 0x00007ffed5b69000 	C:\Windows\System32\NSI.dll
0x00007ffe96a70000 - 0x00007ffe96ab9000 	C:\Users\Taxes\AppData\Local\Temp\jna-80584057\jna10168568609300367906.dll
0x00007ffed4b50000 - 0x00007ffed4b58000 	C:\Windows\System32\PSAPI.DLL
0x00007ffecd840000 - 0x00007ffecd859000 	C:\Windows\SYSTEM32\dhcpcsvc6.DLL
0x00007ffecd820000 - 0x00007ffecd83f000 	C:\Windows\SYSTEM32\dhcpcsvc.DLL
0x00007ffe9dbd0000 - 0x00007ffe9dbee000 	C:\Users\Taxes\.gradle\native\25\windows-amd64\native-platform.dll
0x00007ffeb81b0000 - 0x00007ffeb81ba000 	C:\Users\Taxes\.vscode\extensions\redhat.java-1.54.0-win32-x64\jre\21.0.10-win32-x86_64\bin\management.dll
0x00007ffeb81a0000 - 0x00007ffeb81ac000 	C:\Users\Taxes\.vscode\extensions\redhat.java-1.54.0-win32-x64\jre\21.0.10-win32-x86_64\bin\management_ext.dll
0x00007ffebea70000 - 0x00007ffebea79000 	C:\Users\Taxes\.vscode\extensions\redhat.java-1.54.0-win32-x64\jre\21.0.10-win32-x86_64\bin\extnet.dll
0x00007ffecb870000 - 0x00007ffecb87e000 	C:\Users\Taxes\.vscode\extensions\redhat.java-1.54.0-win32-x64\jre\21.0.10-win32-x86_64\bin\sunmscapi.dll
0x00007ffed3a10000 - 0x00007ffed3a3d000 	C:\Windows\SYSTEM32\ncrypt.dll
0x00007ffed39d0000 - 0x00007ffed3a07000 	C:\Windows\SYSTEM32\NTASN1.dll
0x00007ffe379a0000 - 0x00007ffe379a8000 	C:\Windows\system32\wshunix.dll

JVMTI agents:
c:\Users\Taxes\.vscode\extensions\redhat.java-1.54.0-win32-x64\lombok\lombok-1.18.39-4050.jar path:c:\Users\Taxes\.vscode\extensions\redhat.java-1.54.0-win32-x64\jre\21.0.10-win32-x86_64\bin\instrument.dll, loaded, initialized, instrumentlib options:none

dbghelp: loaded successfully - version: 4.0.5 - missing functions: none
symbol engine: initialized successfully - sym options: 0x614 - pdb path: .;c:\Users\Taxes\.vscode\extensions\redhat.java-1.54.0-win32-x64\jre\21.0.10-win32-x86_64\bin;C:\Windows\SYSTEM32;C:\Windows\WinSxS\amd64_microsoft.windows.common-controls_6595b64144ccf1df_6.0.22621.2361_none_2712ced57382f843;c:\Users\Taxes\.vscode\extensions\redhat.java-1.54.0-win32-x64\jre\21.0.10-win32-x86_64\bin\server;C:\Program Files (x86)\Sangfor\SSL\ClientComponent;C:\Users\Taxes\AppData\Roaming\Code\User\globalStorage\redhat.java\1.54.0\config_win\org.eclipse.equinox.launcher\org.eclipse.equinox.launcher.win32.win32.x86_64_1.3.0.v20260203-2149;C:\Users\Taxes\AppData\Local\Temp\jna-80584057;C:\Users\Taxes\.gradle\native\25\windows-amd64

VM Arguments:
jvm_args: --add-modules=ALL-SYSTEM --add-opens=java.base/java.util=ALL-UNNAMED --add-opens=java.base/java.lang=ALL-UNNAMED --add-opens=java.base/sun.nio.fs=ALL-UNNAMED -Declipse.application=org.eclipse.jdt.ls.core.id1 -Dosgi.bundles.defaultStartLevel=4 -Declipse.product=org.eclipse.jdt.ls.core.product -Djava.import.generatesMetadataFilesAtProjectRoot=false -DDetectVMInstallationsJob.disabled=true -Dfile.encoding=utf8 -XX:+UseParallelGC -XX:GCTimeRatio=4 -XX:AdaptiveSizePolicyWeight=90 -Dsun.zip.disableMemoryMapping=true -Xmx2G -Xms100m -Xlog:disable -javaagent:c:\Users\Taxes\.vscode\extensions\redhat.java-1.54.0-win32-x64\lombok\lombok-1.18.39-4050.jar -XX:+HeapDumpOnOutOfMemoryError -XX:HeapDumpPath=c:\Users\Taxes\AppData\Roaming\Code\User\workspaceStorage\bf96b37da20d218018427563f24728c3\redhat.java -Daether.dependencyCollector.impl=bf 
java_command: c:\Users\Taxes\.vscode\extensions\redhat.java-1.54.0-win32-x64\server\plugins\org.eclipse.equinox.launcher_1.7.100.v20251111-0406.jar -configuration c:\Users\Taxes\AppData\Roaming\Code\User\globalStorage\redhat.java\1.54.0\config_win -data c:\Users\Taxes\AppData\Roaming\Code\User\workspaceStorage\bf96b37da20d218018427563f24728c3\redhat.java\jdt_ws --pipe=\\.\pipe\lsp-6796f96d8e4829210f52d40a085da6e6-sock
java_class_path (initial): c:\Users\Taxes\.vscode\extensions\redhat.java-1.54.0-win32-x64\server\plugins\org.eclipse.equinox.launcher_1.7.100.v20251111-0406.jar
Launcher Type: SUN_STANDARD

[Global flags]
    uintx AdaptiveSizePolicyWeight                 = 90                                        {product} {command line}
     intx CICompilerCount                          = 12                                        {product} {ergonomic}
    uintx GCTimeRatio                              = 4                                         {product} {command line}
     bool HeapDumpOnOutOfMemoryError               = true                                   {manageable} {command line}
    ccstr HeapDumpPath                             = c:\Users\Taxes\AppData\Roaming\Code\User\workspaceStorage\bf96b37da20d218018427563f24728c3\redhat.java         {manageable} {command line}
   size_t InitialHeapSize                          = 104857600                                 {product} {command line}
   size_t MaxHeapSize                              = 2147483648                                {product} {command line}
   size_t MaxNewSize                               = 715653120                                 {product} {ergonomic}
   size_t MinHeapDeltaBytes                        = 524288                                    {product} {ergonomic}
   size_t MinHeapSize                              = 104857600                                 {product} {command line}
   size_t NewSize                                  = 34603008                                  {product} {ergonomic}
    uintx NonNMethodCodeHeapSize                   = 7602480                                {pd product} {ergonomic}
    uintx NonProfiledCodeHeapSize                  = 122027880                              {pd product} {ergonomic}
   size_t OldSize                                  = 70254592                                  {product} {ergonomic}
    uintx ProfiledCodeHeapSize                     = 122027880                              {pd product} {ergonomic}
    uintx ReservedCodeCacheSize                    = 251658240                              {pd product} {ergonomic}
     bool SegmentedCodeCache                       = true                                      {product} {ergonomic}
   size_t SoftMaxHeapSize                          = 2147483648                             {manageable} {ergonomic}
     bool UseCompressedOops                        = true                           {product lp64_product} {ergonomic}
     bool UseLargePagesIndividualAllocation        = false                                  {pd product} {ergonomic}
     bool UseParallelGC                            = true                                      {product} {command line}

Logging:
Log output configuration:
 #0: stdout all=off uptime,level,tags foldmultilines=false
 #1: stderr all=off uptime,level,tags foldmultilines=false

Release file:
JAVA_VERSION="21.0.10" 
MODULES="java.base java.compiler java.datatransfer java.xml java.prefs java.desktop java.instrument java.logging java.management java.security.sasl java.naming java.rmi java.management.rmi java.net.http java.scripting java.security.jgss java.transaction.xa java.sql java.sql.rowset java.xml.crypto java.se java.smartcardio jdk.accessibility jdk.internal.jvmstat jdk.attach jdk.charsets jdk.internal.opt jdk.zipfs jdk.compiler jdk.crypto.ec jdk.crypto.cryptoki jdk.crypto.mscapi jdk.dynalink jdk.internal.ed jdk.editpad jdk.hotspot.agent jdk.httpserver jdk.internal.le jdk.internal.vm.ci jdk.internal.vm.compiler jdk.internal.vm.compiler.management jdk.jartool jdk.javadoc jdk.jcmd jdk.management jdk.management.agent jdk.jconsole jdk.jdeps jdk.jdwp.agent jdk.jdi jdk.jfr jdk.jshell jdk.jsobject jdk.jstatd jdk.localedata jdk.management.jfr jdk.naming.dns jdk.naming.rmi jdk.net jdk.nio.mapmode jdk.random jdk.sctp jdk.security.auth jdk.security.jgss jdk.unsupported jdk.unsupported.desktop jdk.xml.dom" 

Environment Variables:
JAVA_HOME=C:\Program Files\Java\jdk-17.0.4.1
PATH=C:\Users\Taxes\AppData\Local\Programs\Microsoft VS Code;E:\Program Files (x86)\VMware\VMware Workstation\bin\;C:\Program Files (x86)\Common Files\Oracle\Java\jdk-22.0.2\bin;C:\Program Files\Java\jdk-17.0.4.1\bin;C:\Program Files\Java\jdk-17.0.4.1\bin;C:\Program Files (x86)\Common Files\Oracle\Java\java8path\jre\bin;C:\Program Files\Common Files\Oracle\Java\javapath;C:\Program Files (x86)\Common Files\Oracle\Java\java8path;C:\Program Files (x86)\Common Files\Oracle\Java\javapath;C:\Windows\system32;C:\Windows;C:\Windows\System32\Wbem;C:\Windows\System32\WindowsPowerShell\v1.0\;C:\Windows\System32\OpenSSH\;C:\Program Files (x86)\NVIDIA Corporation\PhysX\Common;D:\Application\mingw64\bin;C:\Program Files (x86)\dotnet\;C:\Program Files\dotnet\;C:\Program Files (x86)\Windows Kits\10\Windows Performance Toolkit\;E:\Program Files\Git\cmd;C:\Program Files\Microsoft SQL Server\Client SDK\ODBC\170\Tools\Binn\;C:\Program Files (x86)\Microsoft SQL Server\150\Tools\Binn\;C:\Program Files\Microsoft SQL Server\150\Tools\Binn\;C:\Program Files\Microsoft SQL Server\150\DTS\Binn\;C:\Program Files (x86)\Windows Kits\8.1\Windows Performance Toolkit\;D:\ProgrammFile\bin;D:\Program Files\Bandizip\;C:\Program Files\JMeter\bin;E:\Program Files (x86)\NetSarang\Xshell 8\;E:\Program\resources\bin;E:\Program Files\NVIDIA\CUDA\v12.2\bin;E:\Program Files\NVIDIA\CUDA\v12.2\libnvvp;E:\Program Files (x86)\NetSarang\Xftp 8\;C:\Program Files\nodejs\;F:\Program Files\bili-shadowreplay-cpu\ffmpeg.exe;;C:\Program Files\NVIDIA Corporation\NVIDIA App\NvDLISR;C:\Users\Taxes\.local\bin;E:\miniconda3;E:\miniconda3\Scripts;E:\miniconda3\condabin;E:\miniconda3\Library\bin;C:\Program Files\Java\jdk-17.0.4.1\bin;C:\Users\Taxes\AppData\Local\Programs\Python\Python311\Scripts\;C:\Users\Taxes\AppData\Local\Programs\Python\Python311\;C:\Users\Taxes\AppData\Local\Microsoft\WindowsApps;E:\PyCharm Community Edition 2023.2.2\bin;C:\Users\Taxes\AppData\Local\GitHubDesktop\bin;E:\cygwin64\bin;E:\Program Files\JetBrains\PyCharm 2024.3.3\bin;C:\Users\Taxes\.bun\bin;C:\Users\Taxes\AppData\Roaming\npm;D:\ProgrammFile\Dig;D:\Programs\IntelliJ IDEA 2025.2.5\bin;C:\Users\Taxes\AppData\Local\Programs\Microsoft VS Code\bin;D:\Users\Taxes\AppData\Local\Programs\cursor\resources\app\bin;D:\Programs\CodeBuddy CN\bin;D:\Programs\Obsidian;F:\Program Files\bili-shadowreplay
USERNAME=Taxes
OS=Windows_NT
PROCESSOR_IDENTIFIER=AMD64 Family 25 Model 116 Stepping 1, AuthenticAMD
TMP=C:\Users\Taxes\AppData\Local\Temp
TEMP=C:\Users\Taxes\AppData\Local\Temp




Periodic native trim disabled

---------------  S Y S T E M  ---------------

OS:
 Windows 11 , 64 bit Build 22621 (10.0.22621.2428)
OS uptime: 0 days 0:23 hours
Hyper-V role detected

CPU: total 16 (initial active 16) (16 cores per cpu, 2 threads per core) family 25 model 116 stepping 1 microcode 0x0, cx8, cmov, fxsr, ht, mmx, 3dnowpref, sse, sse2, sse3, ssse3, sse4a, sse4.1, sse4.2, popcnt, lzcnt, tsc, tscinvbit, avx, avx2, aes, erms, clmul, bmi1, bmi2, adx, avx512f, avx512dq, avx512cd, avx512bw, avx512vl, sha, fma, vzeroupper, avx512_vpopcntdq, avx512_vpclmulqdq, avx512_vaes, avx512_vnni, clflush, clflushopt, avx512_vbmi2, avx512_vbmi, hv, rdtscp, rdpid, gfni, avx512_bitalg, f16c, cet_ss, avx512_ifma
Processor Information for the first 16 processors :
  Max Mhz: 4001, Current Mhz: 4001, Mhz Limit: 4001

Memory: 4k page, system-wide physical 15585M (317M free)
TotalPageFile size 28585M (AvailPageFile size 5M)
current process WorkingSet (physical memory assigned to process): 347M, peak: 406M
current process commit charge ("private bytes"): 436M, peak: 497M

vm_info: OpenJDK 64-Bit Server VM (21.0.10+7-LTS) for windows-amd64 JRE (21.0.10+7-LTS), built on 2026-01-20T00:00:00Z by "admin" with MS VC++ 17.12 (VS2022)

END.
