#
# There is insufficient memory for the Java Runtime Environment to continue.
# Native memory allocation (mmap) failed to map 255852544 bytes for G1 virtual space
# Possible reasons:
#   The system is out of physical RAM or swap space
#   The process is running with CompressedOops enabled, and the Java Heap may be blocking the growth of the native heap
# Possible solutions:
#   Reduce memory load on the system
#   Increase physical memory or swap space
#   Check if swap backing store is full
#   Decrease Java heap size (-Xmx/-Xms)
#   Decrease number of Java threads
#   Decrease Java thread stack sizes (-Xss)
#   Set larger code cache with -XX:ReservedCodeCacheSize=
#   JVM is running with Zero Based Compressed Oops mode in which the Java heap is
#     placed in the first 32GB address space. The Java Heap base address is the
#     maximum limit for the native heap growth. Please use -XX:HeapBaseMinAddress
#     to set the Java Heap base and to place the Java Heap above 32GB virtual address.
# This output file may be truncated or incomplete.
#
#  Out of Memory Error (os_windows.cpp:3535), pid=31920, tid=28700
#
# JRE version:  (17.0.4.1+1) (build )
# Java VM: Java HotSpot(TM) 64-Bit Server VM (17.0.4.1+1-LTS-2, mixed mode, sharing, tiered, compressed oops, compressed class ptrs, g1 gc, windows-amd64)
# No core dump will be written. Minidumps are not enabled by default on client versions of Windows
#

---------------  S U M M A R Y ------------

Command Line: 

Host: AMD Ryzen 9 7940H w/ Radeon 780M Graphics     , 16 cores, 15G,  Windows 11 , 64 bit Build 22621 (10.0.22621.2428)
Time: Wed Apr 15 19:43:31 2026  Windows 11 , 64 bit Build 22621 (10.0.22621.2428) elapsed time: 0.042516 seconds (0d 0h 0m 0s)

---------------  T H R E A D  ---------------

Current thread (0x000001b098995270):  JavaThread "Unknown thread" [_thread_in_vm, id=28700, stack(0x0000000198d00000,0x0000000198e00000)]

Stack: [0x0000000198d00000,0x0000000198e00000]
Native frames: (J=compiled Java code, j=interpreted, Vv=VM code, C=native code)
V  [jvm.dll+0x6723ba]
V  [jvm.dll+0x7d1e34]
V  [jvm.dll+0x7d35de]
V  [jvm.dll+0x7d3c43]
V  [jvm.dll+0x243065]
V  [jvm.dll+0x66f2d9]
V  [jvm.dll+0x663c22]
V  [jvm.dll+0x3011cb]
V  [jvm.dll+0x308766]
V  [jvm.dll+0x35846e]
V  [jvm.dll+0x35869f]
V  [jvm.dll+0x2d83e8]
V  [jvm.dll+0x2d9354]
V  [jvm.dll+0x7a3911]
V  [jvm.dll+0x3662c1]
V  [jvm.dll+0x782d7c]
V  [jvm.dll+0x3e8c1f]
V  [jvm.dll+0x3ea6c1]
C  [jli.dll+0x527b]
C  [ucrtbase.dll+0x29363]
C  [KERNEL32.DLL+0x1257d]
C  [ntdll.dll+0x5aa78]


---------------  P R O C E S S  ---------------

Threads class SMR info:
_java_thread_list=0x00007fff340da858, length=0, elements={
}

Java Threads: ( => current thread )

Other Threads:
  0x000001b0989ff570 GCTaskThread "GC Thread#0" [stack: 0x0000000198e00000,0x0000000198f00000] [id=31604]
  0x000001b098a10f00 ConcurrentGCThread "G1 Main Marker" [stack: 0x0000000198f00000,0x0000000199000000] [id=28080]
  0x000001b098a13730 ConcurrentGCThread "G1 Conc#0" [stack: 0x0000000199000000,0x0000000199100000] [id=28088]

[error occurred during error reporting (printing all threads), id 0xc0000005, EXCEPTION_ACCESS_VIOLATION (0xc0000005) at pc=0x00007fff33928dd7]

VM state: not at safepoint (not fully initialized)

VM Mutex/Monitor currently owned by a thread:  ([mutex/lock_event])
[0x000001b098991d30] Heap_lock - owner thread: 0x000001b098995270

Heap address: 0x000000070c600000, size: 3898 MB, Compressed Oops mode: Zero based, Oop shift amount: 3

CDS archive(s) mapped at: [0x0000000000000000-0x0000000000000000-0x0000000000000000), size 0, SharedBaseAddress: 0x0000000800000000, ArchiveRelocationMode: 0.
Narrow klass base: 0x0000000000000000, Narrow klass shift: 0, Narrow klass range: 0x0

GC Precious Log:
<Empty>

Heap:
 garbage-first heap   total 0K, used 0K [0x000000070c600000, 0x0000000800000000)
  region size 2048K, 0 young (0K), 0 survivors (0K)

[error occurred during error reporting (printing heap information), id 0xc0000005, EXCEPTION_ACCESS_VIOLATION (0xc0000005) at pc=0x00007fff33d0b869]

GC Heap History (0 events):
No events

Deoptimization events (0 events):
No events

Classes unloaded (0 events):
No events

Classes redefined (0 events):
No events

Internal exceptions (0 events):
No events

VM Operations (0 events):
No events

Events (1 events):
Event: 0.024 Loaded shared library C:\Program Files\Java\jdk-17.0.4.1\bin\java.dll


Dynamic libraries:
0x00007ff7248b0000 - 0x00007ff7248c0000 	C:\Program Files\Java\jdk-17.0.4.1\bin\java.exe
0x00007fffa8d70000 - 0x00007fffa8f87000 	C:\Windows\SYSTEM32\ntdll.dll
0x00007fffa7260000 - 0x00007fffa7324000 	C:\Windows\System32\KERNEL32.DLL
0x00007fffa63e0000 - 0x00007fffa6786000 	C:\Windows\System32\KERNELBASE.dll
0x00007fffa6790000 - 0x00007fffa68a1000 	C:\Windows\System32\ucrtbase.dll
0x00007fffa13a0000 - 0x00007fffa13ba000 	C:\Program Files\Java\jdk-17.0.4.1\bin\VCRUNTIME140.dll
0x00007fffa1380000 - 0x00007fffa1398000 	C:\Program Files\Java\jdk-17.0.4.1\bin\jli.dll
0x00007fffa6c80000 - 0x00007fffa6d30000 	C:\Windows\System32\ADVAPI32.dll
0x00007fffa6d90000 - 0x00007fffa6e37000 	C:\Windows\System32\msvcrt.dll
0x00007fffa73a0000 - 0x00007fffa7446000 	C:\Windows\System32\sechost.dll
0x00007fffa6ae0000 - 0x00007fffa6bf7000 	C:\Windows\System32\RPCRT4.dll
0x00007fffa8540000 - 0x00007fffa86ed000 	C:\Windows\System32\USER32.dll
0x00007fffa6930000 - 0x00007fffa6956000 	C:\Windows\System32\win32u.dll
0x00007fff93980000 - 0x00007fff93c13000 	C:\Windows\WinSxS\amd64_microsoft.windows.common-controls_6595b64144ccf1df_6.0.22621.2361_none_2712ced57382f843\COMCTL32.dll
0x00007fffa6f20000 - 0x00007fffa6f49000 	C:\Windows\System32\GDI32.dll
0x00007fffa6250000 - 0x00007fffa6368000 	C:\Windows\System32\gdi32full.dll
0x00007fffa61b0000 - 0x00007fffa624a000 	C:\Windows\System32\msvcp_win.dll
0x00007fff9d340000 - 0x00007fff9d34a000 	C:\Windows\SYSTEM32\VERSION.dll
0x00007fffa8500000 - 0x00007fffa8531000 	C:\Windows\System32\IMM32.DLL
0x00007fffa1300000 - 0x00007fffa130c000 	C:\Program Files\Java\jdk-17.0.4.1\bin\vcruntime140_1.dll
0x00007fff90490000 - 0x00007fff9051d000 	C:\Program Files\Java\jdk-17.0.4.1\bin\msvcp140.dll
0x00007fff33640000 - 0x00007fff34202000 	C:\Program Files\Java\jdk-17.0.4.1\bin\server\jvm.dll
0x00007fffa6ad0000 - 0x00007fffa6ad8000 	C:\Windows\System32\PSAPI.DLL
0x00007fff9e2b0000 - 0x00007fff9e2e4000 	C:\Windows\SYSTEM32\WINMM.dll
0x00007fff82be0000 - 0x00007fff82be9000 	C:\Windows\SYSTEM32\WSOCK32.dll
0x00007fffa71e0000 - 0x00007fffa7251000 	C:\Windows\System32\WS2_32.dll
0x00007fffa5090000 - 0x00007fffa50a8000 	C:\Windows\SYSTEM32\kernel.appcore.dll
0x00007fffa12f0000 - 0x00007fffa12fa000 	C:\Program Files\Java\jdk-17.0.4.1\bin\jimage.dll
0x00007fffa3770000 - 0x00007fffa399e000 	C:\Windows\SYSTEM32\DBGHELP.DLL
0x00007fffa8070000 - 0x00007fffa83fa000 	C:\Windows\System32\combase.dll
0x00007fffa6e40000 - 0x00007fffa6f17000 	C:\Windows\System32\OLEAUT32.dll
0x00007fff8e150000 - 0x00007fff8e182000 	C:\Windows\SYSTEM32\dbgcore.DLL
0x00007fffa68b0000 - 0x00007fffa692a000 	C:\Windows\System32\bcryptPrimitives.dll
0x00007fffa12c0000 - 0x00007fffa12e5000 	C:\Program Files\Java\jdk-17.0.4.1\bin\java.dll

dbghelp: loaded successfully - version: 4.0.5 - missing functions: none
symbol engine: initialized successfully - sym options: 0x614 - pdb path: .;C:\Program Files\Java\jdk-17.0.4.1\bin;C:\Windows\SYSTEM32;C:\Windows\WinSxS\amd64_microsoft.windows.common-controls_6595b64144ccf1df_6.0.22621.2361_none_2712ced57382f843;C:\Program Files\Java\jdk-17.0.4.1\bin\server

VM Arguments:
java_command: <unknown>
java_class_path (initial): <not set>
Launcher Type: SUN_STANDARD

[Global flags]
     intx CICompilerCount                          = 12                                        {product} {ergonomic}
     uint ConcGCThreads                            = 3                                         {product} {ergonomic}
     uint G1ConcRefinementThreads                  = 13                                        {product} {ergonomic}
   size_t G1HeapRegionSize                         = 2097152                                   {product} {ergonomic}
    uintx GCDrainStackTargetSize                   = 64                                        {product} {ergonomic}
   size_t InitialHeapSize                          = 255852544                                 {product} {ergonomic}
   size_t MarkStackSize                            = 4194304                                   {product} {ergonomic}
   size_t MaxHeapSize                              = 4087349248                                {product} {ergonomic}
   size_t MinHeapDeltaBytes                        = 2097152                                   {product} {ergonomic}
   size_t MinHeapSize                              = 8388608                                   {product} {ergonomic}
    uintx NonNMethodCodeHeapSize                   = 7602480                                {pd product} {ergonomic}
    uintx NonProfiledCodeHeapSize                  = 122027880                              {pd product} {ergonomic}
    uintx ProfiledCodeHeapSize                     = 122027880                              {pd product} {ergonomic}
    uintx ReservedCodeCacheSize                    = 251658240                              {pd product} {ergonomic}
     bool SegmentedCodeCache                       = true                                      {product} {ergonomic}
   size_t SoftMaxHeapSize                          = 4087349248                             {manageable} {ergonomic}
     bool UseCompressedClassPointers               = true                           {product lp64_product} {ergonomic}
     bool UseCompressedOops                        = true                           {product lp64_product} {ergonomic}
     bool UseG1GC                                  = true                                      {product} {ergonomic}
     bool UseLargePagesIndividualAllocation        = false                                  {pd product} {ergonomic}

Logging:
Log output configuration:
 #0: stdout all=warning uptime,level,tags
 #1: stderr all=off uptime,level,tags

Environment Variables:
JAVA_HOME=C:\Program Files\Java\jdk-17.0.4.1
PATH=C:\Users\Taxes\AppData\Local\Programs\Microsoft VS Code;E:\Program Files (x86)\VMware\VMware Workstation\bin\;C:\Program Files (x86)\Common Files\Oracle\Java\jdk-22.0.2\bin;C:\Program Files\Java\jdk-17.0.4.1\bin;C:\Program Files\Java\jdk-17.0.4.1\bin;C:\Program Files (x86)\Common Files\Oracle\Java\java8path\jre\bin;C:\Program Files\Common Files\Oracle\Java\javapath;C:\Program Files (x86)\Common Files\Oracle\Java\java8path;C:\Program Files (x86)\Common Files\Oracle\Java\javapath;C:\Windows\system32;C:\Windows;C:\Windows\System32\Wbem;C:\Windows\System32\WindowsPowerShell\v1.0\;C:\Windows\System32\OpenSSH\;C:\Program Files (x86)\NVIDIA Corporation\PhysX\Common;D:\Application\mingw64\bin;C:\Program Files (x86)\dotnet\;C:\Program Files\dotnet\;C:\Program Files (x86)\Windows Kits\10\Windows Performance Toolkit\;E:\Program Files\Git\cmd;C:\Program Files\Microsoft SQL Server\Client SDK\ODBC\170\Tools\Binn\;C:\Program Files (x86)\Microsoft SQL Server\150\Tools\Binn\;C:\Program Files\Microsoft SQL Server\150\Tools\Binn\;C:\Program Files\Microsoft SQL Server\150\DTS\Binn\;C:\Program Files (x86)\Windows Kits\8.1\Windows Performance Toolkit\;D:\ProgrammFile\bin;D:\Program Files\Bandizip\;C:\Program Files\JMeter\bin;E:\Program Files (x86)\NetSarang\Xshell 8\;E:\Program\resources\bin;E:\Program Files\NVIDIA\CUDA\v12.2\bin;E:\Program Files\NVIDIA\CUDA\v12.2\libnvvp;E:\Program Files (x86)\NetSarang\Xftp 8\;C:\Program Files\nodejs\;F:\Program Files\bili-shadowreplay-cpu\ffmpeg.exe;;C:\Program Files\NVIDIA Corporation\NVIDIA App\NvDLISR;C:\Users\Taxes\.local\bin;E:\miniconda3;E:\miniconda3\Scripts;E:\miniconda3\condabin;E:\miniconda3\Library\bin;C:\Program Files\Java\jdk-17.0.4.1\bin;C:\Users\Taxes\AppData\Local\Programs\Python\Python311\Scripts\;C:\Users\Taxes\AppData\Local\Programs\Python\Python311\;C:\Users\Taxes\AppData\Local\Microsoft\WindowsApps;E:\PyCharm Community Edition 2023.2.2\bin;C:\Users\Taxes\AppData\Local\GitHubDesktop\bin;E:\cygwin64\bin;E:\Program Files\JetBrains\
USERNAME=Taxes
OS=Windows_NT
PROCESSOR_IDENTIFIER=AMD64 Family 25 Model 116 Stepping 1, AuthenticAMD



---------------  S Y S T E M  ---------------

OS:
 Windows 11 , 64 bit Build 22621 (10.0.22621.2428)
OS uptime: 0 days 0:48 hours
Hyper-V role detected

CPU: total 16 (initial active 16) (16 cores per cpu, 2 threads per core) family 25 model 116 stepping 1 microcode 0x0, cx8, cmov, fxsr, ht, mmx, 3dnowpref, sse, sse2, sse3, ssse3, sse4a, sse4.1, sse4.2, popcnt, lzcnt, tsc, tscinvbit, avx, avx2, aes, erms, clmul, bmi1, bmi2, adx, avx512f, avx512dq, avx512cd, avx512bw, avx512vl, sha, fma, vzeroupper, avx512_vpopcntdq, avx512_vpclmulqdq, avx512_vaes, avx512_vnni, clflush, clflushopt, avx512_vbmi2, avx512_vbmi, hv

Memory: 4k page, system-wide physical 15585M (404M free)
TotalPageFile size 28555M (AvailPageFile size 218M)
current process WorkingSet (physical memory assigned to process): 11M, peak: 11M
current process commit charge ("private bytes"): 70M, peak: 314M

vm_info: Java HotSpot(TM) 64-Bit Server VM (17.0.4.1+1-LTS-2) for windows-amd64 JRE (17.0.4.1+1-LTS-2), built on Aug 16 2022 18:32:06 by "mach5one" with MS VC++ 16.8 / 16.9 (VS2019)

END.
